Archive member included to satisfy reference by file (symbol)

c:/engineering/st/stm32cubeide/stm32cubeide/plugins/com.st.stm32cube.ide.mcu.externaltools.gnu-tools-for-stm32.9-2020-q2-update.win32_2.0.0.202105311346/tools/bin/../lib/gcc/arm-none-eabi/9.3.1/../../../../arm-none-eabi/lib/thumb/v7-m/nofp\libc_nano.a(lib_a-errno.o)
                              ./Core/Src/syscalls.o (__errno)
c:/engineering/st/stm32cubeide/stm32cubeide/plugins/com.st.stm32cube.ide.mcu.externaltools.gnu-tools-for-stm32.9-2020-q2-update.win32_2.0.0.202105311346/tools/bin/../lib/gcc/arm-none-eabi/9.3.1/../../../../arm-none-eabi/lib/thumb/v7-m/nofp\libc_nano.a(lib_a-exit.o)
                              c:/engineering/st/stm32cubeide/stm32cubeide/plugins/com.st.stm32cube.ide.mcu.externaltools.gnu-tools-for-stm32.9-2020-q2-update.win32_2.0.0.202105311346/tools/bin/../lib/gcc/arm-none-eabi/9.3.1/../../../../arm-none-eabi/lib/thumb/v7-m/nofp/crt0.o (exit)
c:/engineering/st/stm32cubeide/stm32cubeide/plugins/com.st.stm32cube.ide.mcu.externaltools.gnu-tools-for-stm32.9-2020-q2-update.win32_2.0.0.202105311346/tools/bin/../lib/gcc/arm-none-eabi/9.3.1/../../../../arm-none-eabi/lib/thumb/v7-m/nofp\libc_nano.a(lib_a-impure.o)
                              c:/engineering/st/stm32cubeide/stm32cubeide/plugins/com.st.stm32cube.ide.mcu.externaltools.gnu-tools-for-stm32.9-2020-q2-update.win32_2.0.0.202105311346/tools/bin/../lib/gcc/arm-none-eabi/9.3.1/../../../../arm-none-eabi/lib/thumb/v7-m/nofp\libc_nano.a(lib_a-exit.o) (_global_impure_ptr)
c:/engineering/st/stm32cubeide/stm32cubeide/plugins/com.st.stm32cube.ide.mcu.externaltools.gnu-tools-for-stm32.9-2020-q2-update.win32_2.0.0.202105311346/tools/bin/../lib/gcc/arm-none-eabi/9.3.1/../../../../arm-none-eabi/lib/thumb/v7-m/nofp\libc_nano.a(lib_a-init.o)
                              c:/engineering/st/stm32cubeide/stm32cubeide/plugins/com.st.stm32cube.ide.mcu.externaltools.gnu-tools-for-stm32.9-2020-q2-update.win32_2.0.0.202105311346/tools/bin/../lib/gcc/arm-none-eabi/9.3.1/../../../../arm-none-eabi/lib/thumb/v7-m/nofp/crt0.o (__libc_init_array)
c:/engineering/st/stm32cubeide/stm32cubeide/plugins/com.st.stm32cube.ide.mcu.externaltools.gnu-tools-for-stm32.9-2020-q2-update.win32_2.0.0.202105311346/tools/bin/../lib/gcc/arm-none-eabi/9.3.1/../../../../arm-none-eabi/lib/thumb/v7-m/nofp\libc_nano.a(lib_a-memset.o)
                              c:/engineering/st/stm32cubeide/stm32cubeide/plugins/com.st.stm32cube.ide.mcu.externaltools.gnu-tools-for-stm32.9-2020-q2-update.win32_2.0.0.202105311346/tools/bin/../lib/gcc/arm-none-eabi/9.3.1/../../../../arm-none-eabi/lib/thumb/v7-m/nofp/crt0.o (memset)
c:/engineering/st/stm32cubeide/stm32cubeide/plugins/com.st.stm32cube.ide.mcu.externaltools.gnu-tools-for-stm32.9-2020-q2-update.win32_2.0.0.202105311346/tools/bin/../lib/gcc/arm-none-eabi/9.3.1/../../../../arm-none-eabi/lib/thumb/v7-m/nofp\libc_nano.a(lib_a-sprintf.o)
                              ./Core/Src/usart.o (sprintf)
c:/engineering/st/stm32cubeide/stm32cubeide/plugins/com.st.stm32cube.ide.mcu.externaltools.gnu-tools-for-stm32.9-2020-q2-update.win32_2.0.0.202105311346/tools/bin/../lib/gcc/arm-none-eabi/9.3.1/../../../../arm-none-eabi/lib/thumb/v7-m/nofp\libc_nano.a(lib_a-strlen.o)
                              ./Core/Src/usart.o (strlen)
c:/engineering/st/stm32cubeide/stm32cubeide/plugins/com.st.stm32cube.ide.mcu.externaltools.gnu-tools-for-stm32.9-2020-q2-update.win32_2.0.0.202105311346/tools/bin/../lib/gcc/arm-none-eabi/9.3.1/../../../../arm-none-eabi/lib/thumb/v7-m/nofp\libc_nano.a(lib_a-nano-svfprintf.o)
                              c:/engineering/st/stm32cubeide/stm32cubeide/plugins/com.st.stm32cube.ide.mcu.externaltools.gnu-tools-for-stm32.9-2020-q2-update.win32_2.0.0.202105311346/tools/bin/../lib/gcc/arm-none-eabi/9.3.1/../../../../arm-none-eabi/lib/thumb/v7-m/nofp\libc_nano.a(lib_a-sprintf.o) (_svfprintf_r)
c:/engineering/st/stm32cubeide/stm32cubeide/plugins/com.st.stm32cube.ide.mcu.externaltools.gnu-tools-for-stm32.9-2020-q2-update.win32_2.0.0.202105311346/tools/bin/../lib/gcc/arm-none-eabi/9.3.1/../../../../arm-none-eabi/lib/thumb/v7-m/nofp\libc_nano.a(lib_a-nano-vfprintf_i.o)
                              c:/engineering/st/stm32cubeide/stm32cubeide/plugins/com.st.stm32cube.ide.mcu.externaltools.gnu-tools-for-stm32.9-2020-q2-update.win32_2.0.0.202105311346/tools/bin/../lib/gcc/arm-none-eabi/9.3.1/../../../../arm-none-eabi/lib/thumb/v7-m/nofp\libc_nano.a(lib_a-nano-svfprintf.o) (_printf_i)
c:/engineering/st/stm32cubeide/stm32cubeide/plugins/com.st.stm32cube.ide.mcu.externaltools.gnu-tools-for-stm32.9-2020-q2-update.win32_2.0.0.202105311346/tools/bin/../lib/gcc/arm-none-eabi/9.3.1/../../../../arm-none-eabi/lib/thumb/v7-m/nofp\libc_nano.a(lib_a-memchr-stub.o)
[...]
Memory Configuration

Name             Origin             Length             Attributes
RAM              0x0000000020000000 0x0000000000004000 xrw
FLASH            0x0000000008000000 0x0000000000020000 xr
*default*        0x0000000000000000 0xffffffffffffffff

Linker script and memory map

LOAD c:/engineering/st/stm32cubeide/stm32cubeide/plugins/com.st.stm32cube.ide.mcu.externaltools.gnu-tools-for-stm32.9-2020-q2-update.win32_2.0.0.202105311346/tools/bin/../lib/gcc/arm-none-eabi/9.3.1/thumb/v7-m/nofp/crti.o
LOAD c:/engineering/st/stm32cubeide/stm32cubeide/plugins/com.st.stm32cube.ide.mcu.externaltools.gnu-tools-for-stm32.9-2020-q2-update.win32_2.0.0.202105311346/tools/bin/../lib/gcc/arm-none-eabi/9.3.1/thumb/v7-m/nofp/crtbegin.o
LOAD c:/engineering/st/stm32cubeide/stm32cubeide/plugins/com.st.stm32cube.ide.mcu.externaltools.gnu-tools-for-stm32.9-2020-q2-update.win32_2.0.0.202105311346/tools/bin/../lib/gcc/arm-none-eabi/9.3.1/../../../../arm-none-eabi/lib/thumb/v7-m/nofp/crt0.o
LOAD ./Core/Src/adc.o
LOAD ./Core/Src/cli.o
LOAD ./Core/Src/dma.o
LOAD ./Core/Src/global.o
LOAD ./Core/Src/gpio.o
LOAD ./Core/Src/init.o
LOAD ./Core/Src/main.o
LOAD ./Core/Src/pid.o
LOAD ./Core/Src/pwm.o
LOAD ./Core/Src/stm32l1xx_hal_msp.o
LOAD ./Core/Src/stm32l1xx_it.o
LOAD ./Core/Src/syscalls.o
LOAD ./Core/Src/sysmem.o
LOAD ./Core/Src/system_stm32l1xx.o
LOAD ./Core/Src/tim.o
LOAD ./Core/Src/usart.o
LOAD ./Core/Startup/startup_stm32l152rbtx.o
LOAD ./Drivers/STM32L1xx_HAL_Driver/Src/stm32l1xx_hal.o
LOAD ./Drivers/STM32L1xx_HAL_Driver/Src/stm32l1xx_hal_adc.o
LOAD ./Drivers/STM32L1xx_HAL_Driver/Src/stm32l1xx_hal_adc_ex.o
LOAD ./Drivers/STM32L1xx_HAL_Driver/Src/stm32l1xx_hal_cortex.o
LOAD ./Drivers/STM32L1xx_HAL_Driver/Src/stm32l1xx_hal_dma.o
LOAD ./Drivers/STM32L1xx_HAL_Driver/Src/stm32l1xx_hal_exti.o
LOAD ./Drivers/STM32L1xx_HAL_Driver/Src/stm32l1xx_hal_flash.o
LOAD ./Drivers/STM32L1xx_HAL_Driver/Src/stm32l1xx_hal_flash_ex.o
LOAD ./Drivers/STM32L1xx_HAL_Driver/Src/stm32l1xx_hal_flash_ramfunc.o
LOAD ./Drivers/STM32L1xx_HAL_Driver/Src/stm32l1xx_hal_gpio.o
LOAD ./Drivers/STM32L1xx_HAL_Driver/Src/stm32l1xx_hal_pwr.o
LOAD ./Drivers/STM32L1xx_HAL_Driver/Src/stm32l1xx_hal_pwr_ex.o
LOAD ./Drivers/STM32L1xx_HAL_Driver/Src/stm32l1xx_hal_rcc.o
LOAD ./Drivers/STM32L1xx_HAL_Driver/Src/stm32l1xx_hal_rcc_ex.o
LOAD ./Drivers/STM32L1xx_HAL_Driver/Src/stm32l1xx_hal_tim.o
LOAD ./Drivers/STM32L1xx_HAL_Driver/Src/stm32l1xx_hal_tim_ex.o
LOAD ./Drivers/STM32L1xx_HAL_Driver/Src/stm32l1xx_hal_uart.o
START GROUP
LOAD c:/engineering/st/stm32cubeide/stm32cubeide/plugins/com.st.stm32cube.ide.mcu.externaltools.gnu-tools-for-stm32.9-2020-q2-update.win32_2.0.0.202105311346/tools/bin/../lib/gcc/arm-none-eabi/9.3.1/../../../../arm-none-eabi/lib/thumb/v7-m/nofp\libc_nano.a
LOAD c:/engineering/st/stm32cubeide/stm32cubeide/plugins/com.st.stm32cube.ide.mcu.externaltools.gnu-tools-for-stm32.9-2020-q2-update.win32_2.0.0.202105311346/tools/bin/../lib/gcc/arm-none-eabi/9.3.1/../../../../arm-none-eabi/lib/thumb/v7-m/nofp\libm.a
END GROUP
START GROUP
LOAD c:/engineering/st/stm32cubeide/stm32cubeide/plugins/com.st.stm32cube.ide.mcu.externaltools.gnu-tools-for-stm32.9-2020-q2-update.win32_2.0.0.202105311346/tools/bin/../lib/gcc/arm-none-eabi/9.3.1/thumb/v7-m/nofp\libgcc.a
LOAD c:/engineering/st/stm32cubeide/stm32cubeide/plugins/com.st.stm32cube.ide.mcu.externaltools.gnu-tools-for-stm32.9-2020-q2-update.win32_2.0.0.202105311346/tools/bin/../lib/gcc/arm-none-eabi/9.3.1/../../../../arm-none-eabi/lib/thumb/v7-m/nofp\libc_nano.a
END GROUP
START GROUP
LOAD c:/engineering/st/stm32cubeide/stm32cubeide/plugins/com.st.stm32cube.ide.mcu.externaltools.gnu-tools-for-stm32.9-2020-q2-update.win32_2.0.0.202105311346/tools/bin/../lib/gcc/arm-none-eabi/9.3.1/thumb/v7-m/nofp\libgcc.a
LOAD c:/engineering/st/stm32cubeide/stm32cubeide/plugins/com.st.stm32cube.ide.mcu.externaltools.gnu-tools-for-stm32.9-2020-q2-update.win32_2.0.0.202105311346/tools/bin/../lib/gcc/arm-none-eabi/9.3.1/../../../../arm-none-eabi/lib/thumb/v7-m/nofp\libc_nano.a
LOAD c:/engineering/st/stm32cubeide/stm32cubeide/plugins/com.st.stm32cube.ide.mcu.externaltools.gnu-tools-for-stm32.9-2020-q2-update.win32_2.0.0.202105311346/tools/bin/../lib/gcc/arm-none-eabi/9.3.1/../../../../arm-none-eabi/lib/thumb/v7-m/nofp\libnosys.a
END GROUP
START GROUP
LOAD c:/engineering/st/stm32cubeide/stm32cubeide/plugins/com.st.stm32cube.ide.mcu.externaltools.gnu-tools-for-stm32.9-2020-q2-update.win32_2.0.0.202105311346/tools/bin/../lib/gcc/arm-none-eabi/9.3.1/thumb/v7-m/nofp\libgcc.a
LOAD c:/engineering/st/stm32cubeide/stm32cubeide/plugins/com.st.stm32cube.ide.mcu.externaltools.gnu-tools-for-stm32.9-2020-q2-update.win32_2.0.0.202105311346/tools/bin/../lib/gcc/arm-none-eabi/9.3.1/../../../../arm-none-eabi/lib/thumb/v7-m/nofp\libc_nano.a
LOAD c:/engineering/st/stm32cubeide/stm32cubeide/plugins/com.st.stm32cube.ide.mcu.externaltools.gnu-tools-for-stm32.9-2020-q2-update.win32_2.0.0.202105311346/tools/bin/../lib/gcc/arm-none-eabi/9.3.1/../../../../arm-none-eabi/lib/thumb/v7-m/nofp\libnosys.a
END GROUP
LOAD c:/engineering/st/stm32cubeide/stm32cubeide/plugins/com.st.stm32cube.ide.mcu.externaltools.gnu-tools-for-stm32.9-2020-q2-update.win32_2.0.0.202105311346/tools/bin/../lib/gcc/arm-none-eabi/9.3.1/thumb/v7-m/nofp/crtend.o
LOAD c:/engineering/st/stm32cubeide/stm32cubeide/plugins/com.st.stm32cube.ide.mcu.externaltools.gnu-tools-for-stm32.9-2020-q2-update.win32_2.0.0.202105311346/tools/bin/../lib/gcc/arm-none-eabi/9.3.1/thumb/v7-m/nofp/crtn.o
                0x0000000020004000                _estack = (ORIGIN (RAM) + LENGTH (RAM))
                0x0000000000000200                _Min_Heap_Size = 0x200
                0x0000000000000400                _Min_Stack_Size = 0x400

.isr_vector     0x0000000008000000      0x13c
                0x0000000008000000                . = ALIGN (0x4)
 *(.isr_vector)
 .isr_vector    0x0000000008000000      0x13c ./Core/Startup/startup_stm32l152rbtx.o
                0x0000000008000000                g_pfnVectors
                0x000000000800013c                . = ALIGN (0x4)

.text           0x0000000008000140     0x6594
                0x0000000008000140                . = ALIGN (0x4)
 *(.text)
 .text          0x0000000008000140       0x40 c:/engineering/st/stm32cubeide/stm32cubeide/plugins/com.st.stm32cube.ide.mcu.externaltools.gnu-tools-for-stm32.9-2020-q2-update.win32_2.0.0.202105311346/tools/bin/../lib/gcc/arm-none-eabi/9.3.1/thumb/v7-m/nofp/crtbegin.o
 .text          0x0000000008000180       0x10 c:/engineering/st/stm32cubeide/stm32cubeide/plugins/com.st.stm32cube.ide.mcu.externaltools.gnu-tools-for-stm32.9-2020-q2-update.win32_2.0.0.202105311346/tools/bin/../lib/gcc/arm-none-eabi/9.3.1/../../../../arm-none-eabi/lib/thumb/v7-m/nofp\libc_nano.a(lib_a-strlen.o)
                0x0000000008000180                strlen
 .text          0x0000000008000190      0x378 c:/engineering/st/stm32cubeide/stm32cubeide/plugins/com.st.stm32cube.ide.mcu.externaltools.gnu-tools-for-stm32.9-2020-q2-update.win32_2.0.0.202105311346/tools/bin/../lib/gcc/arm-none-eabi/9.3.1/thumb/v7-m/nofp\libgcc.a(_arm_addsubdf3.o)
                0x0000000008000190                __aeabi_drsub
                0x0000000008000198                __aeabi_dsub
                0x0000000008000198                __subdf3
                0x000000000800019c                __aeabi_dadd
                0x000000000800019c                __adddf3
                0x0000000008000414                __floatunsidf
                0x0000000008000414                __aeabi_ui2d
                0x0000000008000434                __floatsidf
                0x0000000008000434                __aeabi_i2d
                0x0000000008000458                __aeabi_f2d
                0x0000000008000458                __extendsfdf2
                0x000000000800049c                __floatundidf
                0x000000000800049c                __aeabi_ul2d
                0x00000000080004ac                __floatdidf
                0x00000000080004ac                __aeabi_l2d
 .text          0x0000000008000508      0x424 c:/engineering/st/stm32cubeide/stm32cubeide/plugins/com.st.stm32cube.ide.mcu.externaltools.gnu-tools-for-stm32.9-2020-q2-update.win32_2.0.0.202105311346/tools/bin/../lib/gcc/arm-none-eabi/9.3.1/thumb/v7-m/nofp\libgcc.a(_arm_muldivdf3.o)
                0x0000000008000508                __aeabi_dmul
                0x0000000008000508                __muldf3
                0x000000000800075c                __divdf3
                0x000000000800075c                __aeabi_ddiv
 .text          0x000000000800092c       0x40 c:/engineering/st/stm32cubeide/stm32cubeide/plugins/com.st.stm32cube.ide.mcu.externaltools.gnu-tools-for-stm32.9-2020-q2-update.win32_2.0.0.202105311346/tools/bin/../lib/gcc/arm-none-eabi/9.3.1/thumb/v7-m/nofp\libgcc.a(_arm_fixunsdfsi.o)
                0x000000000800092c                __aeabi_d2uiz
                0x000000000800092c                __fixunsdfsi
 .text          0x000000000800096c       0xa0 c:/engineering/st/stm32cubeide/stm32cubeide/plugins/com.st.stm32cube.ide.mcu.externaltools.gnu-tools-for-stm32.9-2020-q2-update.win32_2.0.0.202105311346/tools/bin/../lib/gcc/arm-none-eabi/9.3.1/thumb/v7-m/nofp\libgcc.a(_arm_truncdfsf2.o)
                0x000000000800096c                __truncdfsf2
                0x000000000800096c                __aeabi_d2f
 .text          0x0000000008000a0c      0x21c c:/engineering/st/stm32cubeide/stm32cubeide/plugins/com.st.stm32cube.ide.mcu.externaltools.gnu-tools-for-stm32.9-2020-q2-update.win32_2.0.0.202105311346/tools/bin/../lib/gcc/arm-none-eabi/9.3.1/thumb/v7-m/nofp\libgcc.a(_arm_addsubsf3.o)
                0x0000000008000a0c                __aeabi_frsub
                0x0000000008000a14                __subsf3
                0x0000000008000a14                __aeabi_fsub
                0x0000000008000a18                __aeabi_fadd
                0x0000000008000a18                __addsf3
                0x0000000008000b78                __aeabi_ui2f
                0x0000000008000b78                __floatunsisf
                0x0000000008000b80                __aeabi_i2f
                0x0000000008000b80                __floatsisf
                0x0000000008000b9c                __aeabi_ul2f
                0x0000000008000b9c                __floatundisf
                0x0000000008000bac                __aeabi_l2f
                0x0000000008000bac                __floatdisf
 .text          0x0000000008000c28      0x2a0 c:/engineering/st/stm32cubeide/stm32cubeide/plugins/com.st.stm32cube.ide.mcu.externaltools.gnu-tools-for-stm32.9-2020-q2-update.win32_2.0.0.202105311346/tools/bin/../lib/gcc/arm-none-eabi/9.3.1/thumb/v7-m/nofp\libgcc.a(_arm_muldivsf3.o)
                0x0000000008000c28                __mulsf3
                0x0000000008000c28                __aeabi_fmul
                0x0000000008000d90                __aeabi_fdiv
                0x0000000008000d90                __divsf3
 .text          0x0000000008000ec8       0xec c:/engineering/st/stm32cubeide/stm32cubeide/plugins/com.st.stm32cube.ide.mcu.externaltools.gnu-tools-for-stm32.9-2020-q2-update.win32_2.0.0.202105311346/tools/bin/../lib/gcc/arm-none-eabi/9.3.1/thumb/v7-m/nofp\libgcc.a(_arm_cmpsf2.o)
                0x0000000008000ec8                __gesf2
                0x0000000008000ec8                __gtsf2
                0x0000000008000ed0                __lesf2
                0x0000000008000ed0                __ltsf2
                0x0000000008000ed8                __nesf2
                0x0000000008000ed8                __eqsf2
                0x0000000008000ed8                __cmpsf2
                0x0000000008000f38                __aeabi_cfrcmple
                0x0000000008000f40                __aeabi_cfcmpeq
                0x0000000008000f40                __aeabi_cfcmple
                0x0000000008000f50                __aeabi_fcmpeq
                0x0000000008000f64                __aeabi_fcmplt
                0x0000000008000f78                __aeabi_fcmple
                0x0000000008000f8c                __aeabi_fcmpge
                0x0000000008000fa0                __aeabi_fcmpgt
 .text          0x0000000008000fb4       0x40 c:/engineering/st/stm32cubeide/stm32cubeide/plugins/com.st.stm32cube.ide.mcu.externaltools.gnu-tools-for-stm32.9-2020-q2-update.win32_2.0.0.202105311346/tools/bin/../lib/gcc/arm-none-eabi/9.3.1/thumb/v7-m/nofp\libgcc.a(_arm_fixunssfsi.o)
                0x0000000008000fb4                __fixunssfsi
                0x0000000008000fb4                __aeabi_f2uiz
 .text          0x0000000008000ff4       0x30 c:/engineering/st/stm32cubeide/stm32cubeide/plugins/com.st.stm32cube.ide.mcu.externaltools.gnu-tools-for-stm32.9-2020-q2-update.win32_2.0.0.202105311346/tools/bin/../lib/gcc/arm-none-eabi/9.3.1/thumb/v7-m/nofp\libgcc.a(_aeabi_uldivmod.o)
                0x0000000008000ff4                __aeabi_uldivmod
 .text          0x0000000008001024      0x2c4 c:/engineering/st/stm32cubeide/stm32cubeide/plugins/com.st.stm32cube.ide.mcu.externaltools.gnu-tools-for-stm32.9-2020-q2-update.win32_2.0.0.202105311346/tools/bin/../lib/gcc/arm-none-eabi/9.3.1/thumb/v7-m/nofp\libgcc.a(_udivmoddi4.o)
                0x0000000008001024                __udivmoddi4
 .text          0x00000000080012e8        0x4 c:/engineering/st/stm32cubeide/stm32cubeide/plugins/com.st.stm32cube.ide.mcu.externaltools.gnu-tools-for-stm32.9-2020-q2-update.win32_2.0.0.202105311346/tools/bin/../lib/gcc/arm-none-eabi/9.3.1/thumb/v7-m/nofp\libgcc.a(_dvmd_tls.o)
                0x00000000080012e8                __aeabi_idiv0
                0x00000000080012e8                __aeabi_ldiv0
 *(.text*)
 .text.MX_ADC_Init
                0x00000000080012ec      0x128 ./Core/Src/adc.o
                0x00000000080012ec                MX_ADC_Init
 .text.HAL_ADC_MspInit
                0x0000000008001414       0xd8 ./Core/Src/adc.o
                0x0000000008001414                HAL_ADC_MspInit
 .text.HAL_ADC_ConvCpltCallback
                0x00000000080014ec       0x1c ./Core/Src/adc.o
                0x00000000080014ec                HAL_ADC_ConvCpltCallback
 .text.CLI_decode
                0x0000000008001508      0x1dc ./Core/Src/cli.o
                0x0000000008001508                CLI_decode
 .text.MX_DMA_Init
                0x00000000080016e4       0x3c ./Core/Src/dma.o
                0x00000000080016e4                MX_DMA_Init
 .text.MX_GPIO_Init
                0x0000000008001720       0xec ./Core/Src/gpio.o
                0x0000000008001720                MX_GPIO_Init
 .text.HAL_GPIO_EXTI_Callback
                0x000000000800180c       0x24 ./Core/Src/gpio.o
                0x000000000800180c                HAL_GPIO_EXTI_Callback
 .text.SystemClock_Config
                0x0000000008001830       0x9c ./Core/Src/init.o
                0x0000000008001830                SystemClock_Config
 .text.MCU_init
                0x00000000080018cc       0x54 ./Core/Src/init.o
                0x00000000080018cc                MCU_init
 .text.main     0x0000000008001920      0x4a4 ./Core/Src/main.o
                0x0000000008001920                main
 .text.Error_Handler
                0x0000000008001dc4        0xa ./Core/Src/main.o
                0x0000000008001dc4                Error_Handler
 *fill*         0x0000000008001dce        0x2 
 .text.PID_init
                0x0000000008001dd0       0x84 ./Core/Src/pid.o
                0x0000000008001dd0                PID_init
 .text.PID_update
                0x0000000008001e54      0x168 ./Core/Src/pid.o
                0x0000000008001e54                PID_update
 .text.PWM_setPulse
                0x0000000008001fbc       0x20 ./Core/Src/pwm.o
                0x0000000008001fbc                PWM_setPulse
 .text.HAL_MspInit
                0x0000000008001fdc       0x5c ./Core/Src/stm32l1xx_hal_msp.o
                0x0000000008001fdc                HAL_MspInit
 .text.NMI_Handler
                0x0000000008002038        0x6 ./Core/Src/stm32l1xx_it.o
                0x0000000008002038                NMI_Handler
 .text.HardFault_Handler
                0x000000000800203e        0x6 ./Core/Src/stm32l1xx_it.o
                0x000000000800203e                HardFault_Handler
 .text.MemManage_Handler
                0x0000000008002044        0x6 ./Core/Src/stm32l1xx_it.o
                0x0000000008002044                MemManage_Handler
 .text.BusFault_Handler
                0x000000000800204a        0x6 ./Core/Src/stm32l1xx_it.o
                0x000000000800204a                BusFault_Handler
 .text.UsageFault_Handler
                0x0000000008002050        0x6 ./Core/Src/stm32l1xx_it.o
                0x0000000008002050                UsageFault_Handler
 .text.SVC_Handler
                0x0000000008002056        0xc ./Core/Src/stm32l1xx_it.o
                0x0000000008002056                SVC_Handler
 .text.DebugMon_Handler
                0x0000000008002062        0xc ./Core/Src/stm32l1xx_it.o
                0x0000000008002062                DebugMon_Handler
 .text.PendSV_Handler
                0x000000000800206e        0xc ./Core/Src/stm32l1xx_it.o
                0x000000000800206e                PendSV_Handler
 .text.SysTick_Handler
                0x000000000800207a        0xc ./Core/Src/stm32l1xx_it.o
                0x000000000800207a                SysTick_Handler
 .text.EXTI0_IRQHandler
                0x0000000008002086        0xe ./Core/Src/stm32l1xx_it.o
                0x0000000008002086                EXTI0_IRQHandler
 .text.DMA1_Channel1_IRQHandler
                0x0000000008002094       0x14 ./Core/Src/stm32l1xx_it.o
                0x0000000008002094                DMA1_Channel1_IRQHandler
 .text.TIM2_IRQHandler
                0x00000000080020a8       0x14 ./Core/Src/stm32l1xx_it.o
                0x00000000080020a8                TIM2_IRQHandler
 .text.USART1_IRQHandler
                0x00000000080020bc       0x14 ./Core/Src/stm32l1xx_it.o
                0x00000000080020bc                USART1_IRQHandler
 .text.TIM6_IRQHandler
                0x00000000080020d0       0x14 ./Core/Src/stm32l1xx_it.o
                0x00000000080020d0                TIM6_IRQHandler
 .text._sbrk    0x00000000080020e4       0x6c ./Core/Src/sysmem.o
                0x00000000080020e4                _sbrk
 .text.SystemInit
                0x0000000008002150        0xc ./Core/Src/system_stm32l1xx.o
                0x0000000008002150                SystemInit
 .text.MX_TIM2_Init
                0x000000000800215c       0x98 ./Core/Src/tim.o
                0x000000000800215c                MX_TIM2_Init
 .text.MX_TIM4_Init
                0x00000000080021f4       0xe8 ./Core/Src/tim.o
                0x00000000080021f4                MX_TIM4_Init
 .text.MX_TIM6_Init
                0x00000000080022dc       0x6c ./Core/Src/tim.o
                0x00000000080022dc                MX_TIM6_Init
 .text.HAL_TIM_Base_MspInit
                0x0000000008002348       0xa8 ./Core/Src/tim.o
                0x0000000008002348                HAL_TIM_Base_MspInit
 .text.HAL_TIM_MspPostInit
                0x00000000080023f0       0x70 ./Core/Src/tim.o
                0x00000000080023f0                HAL_TIM_MspPostInit
 .text.HAL_TIM_PeriodElapsedCallback
                0x0000000008002460       0xc0 ./Core/Src/tim.o
                0x0000000008002460                HAL_TIM_PeriodElapsedCallback
 .text.MX_USART1_UART_Init
                0x0000000008002520       0x54 ./Core/Src/usart.o
                0x0000000008002520                MX_USART1_UART_Init
 .text.HAL_UART_MspInit
                0x0000000008002574       0x98 ./Core/Src/usart.o
                0x0000000008002574                HAL_UART_MspInit
 .text.UART_TX_string
                0x000000000800260c       0x2c ./Core/Src/usart.o
                0x000000000800260c                UART_TX_string
 .text.UART_TX_float
                0x0000000008002638       0xbc ./Core/Src/usart.o
                0x0000000008002638                UART_TX_float
 .text.UART_RX  0x00000000080026f4       0x20 ./Core/Src/usart.o
                0x00000000080026f4                UART_RX
 .text.HAL_UART_RxCpltCallback
                0x0000000008002714       0x24 ./Core/Src/usart.o
                0x0000000008002714                HAL_UART_RxCpltCallback
 .text.Reset_Handler
                0x0000000008002738       0x48 ./Core/Startup/startup_stm32l152rbtx.o
                0x0000000008002738                Reset_Handler
 .text.Default_Handler
                0x0000000008002780        0x2 ./Core/Startup/startup_stm32l152rbtx.o
                0x0000000008002780                RTC_Alarm_IRQHandler
                0x0000000008002780                EXTI2_IRQHandler
                0x0000000008002780                TIM10_IRQHandler
                0x0000000008002780                USB_HP_IRQHandler
                0x0000000008002780                PVD_IRQHandler
                0x0000000008002780                EXTI3_IRQHandler
                0x0000000008002780                I2C2_EV_IRQHandler
                0x0000000008002780                SPI1_IRQHandler
                0x0000000008002780                USB_FS_WKUP_IRQHandler
                0x0000000008002780                DMA1_Channel4_IRQHandler
                0x0000000008002780                ADC1_IRQHandler
                0x0000000008002780                USART3_IRQHandler
                0x0000000008002780                DMA1_Channel7_IRQHandler
                0x0000000008002780                LCD_IRQHandler
                0x0000000008002780                TIM4_IRQHandler
                0x0000000008002780                I2C1_EV_IRQHandler
                0x0000000008002780                DMA1_Channel6_IRQHandler
                0x0000000008002780                TIM3_IRQHandler
                0x0000000008002780                RCC_IRQHandler
                0x0000000008002780                Default_Handler
                0x0000000008002780                EXTI15_10_IRQHandler
                0x0000000008002780                TIM7_IRQHandler
                0x0000000008002780                EXTI9_5_IRQHandler
                0x0000000008002780                TIM9_IRQHandler
                0x0000000008002780                TAMPER_STAMP_IRQHandler
                0x0000000008002780                RTC_WKUP_IRQHandler
                0x0000000008002780                SPI2_IRQHandler
                0x0000000008002780                DMA1_Channel5_IRQHandler
                0x0000000008002780                USB_LP_IRQHandler
                0x0000000008002780                EXTI4_IRQHandler
                0x0000000008002780                DMA1_Channel3_IRQHandler
                0x0000000008002780                COMP_IRQHandler
                0x0000000008002780                WWDG_IRQHandler
                0x0000000008002780                DAC_IRQHandler
                0x0000000008002780                EXTI1_IRQHandler
                0x0000000008002780                TIM11_IRQHandler
                0x0000000008002780                USART2_IRQHandler
                0x0000000008002780                I2C2_ER_IRQHandler
                0x0000000008002780                DMA1_Channel2_IRQHandler
                0x0000000008002780                FLASH_IRQHandler
                0x0000000008002780                I2C1_ER_IRQHandler
 .text.HAL_Init
                0x0000000008002782       0x30 ./Drivers/STM32L1xx_HAL_Driver/Src/stm32l1xx_hal.o
                0x0000000008002782                HAL_Init
 *fill*         0x00000000080027b2        0x2 
 .text.HAL_InitTick
                0x00000000080027b4       0x74 ./Drivers/STM32L1xx_HAL_Driver/Src/stm32l1xx_hal.o
                0x00000000080027b4                HAL_InitTick
 .text.HAL_IncTick
                0x0000000008002828       0x24 ./Drivers/STM32L1xx_HAL_Driver/Src/stm32l1xx_hal.o
                0x0000000008002828                HAL_IncTick
 .text.HAL_GetTick
                0x000000000800284c       0x14 ./Drivers/STM32L1xx_HAL_Driver/Src/stm32l1xx_hal.o
                0x000000000800284c                HAL_GetTick
 .text.HAL_ADC_Init
                0x0000000008002860      0x28c ./Drivers/STM32L1xx_HAL_Driver/Src/stm32l1xx_hal_adc.o
                0x0000000008002860                HAL_ADC_Init
 .text.HAL_ADC_Start_DMA
                0x0000000008002aec      0x11c ./Drivers/STM32L1xx_HAL_Driver/Src/stm32l1xx_hal_adc.o
                0x0000000008002aec                HAL_ADC_Start_DMA
 .text.HAL_ADC_ConvHalfCpltCallback
                0x0000000008002c08       0x12 ./Drivers/STM32L1xx_HAL_Driver/Src/stm32l1xx_hal_adc.o
                0x0000000008002c08                HAL_ADC_ConvHalfCpltCallback
 .text.HAL_ADC_ErrorCallback
                0x0000000008002c1a       0x12 ./Drivers/STM32L1xx_HAL_Driver/Src/stm32l1xx_hal_adc.o
                0x0000000008002c1a                HAL_ADC_ErrorCallback
 .text.HAL_ADC_ConfigChannel
                0x0000000008002c2c      0x2a0 ./Drivers/STM32L1xx_HAL_Driver/Src/stm32l1xx_hal_adc.o
                0x0000000008002c2c                HAL_ADC_ConfigChannel
 .text.ADC_Enable
                0x0000000008002ecc       0xb8 ./Drivers/STM32L1xx_HAL_Driver/Src/stm32l1xx_hal_adc.o
                0x0000000008002ecc                ADC_Enable
 .text.ADC_DMAConvCplt
                0x0000000008002f84       0xa8 ./Drivers/STM32L1xx_HAL_Driver/Src/stm32l1xx_hal_adc.o
 .text.ADC_DMAHalfConvCplt
                0x000000000800302c       0x1c ./Drivers/STM32L1xx_HAL_Driver/Src/stm32l1xx_hal_adc.o
 .text.ADC_DMAError
                0x0000000008003048       0x34 ./Drivers/STM32L1xx_HAL_Driver/Src/stm32l1xx_hal_adc.o
 .text.__NVIC_SetPriorityGrouping
                0x000000000800307c       0x48 ./Drivers/STM32L1xx_HAL_Driver/Src/stm32l1xx_hal_cortex.o
 .text.__NVIC_GetPriorityGrouping
                0x00000000080030c4       0x1c ./Drivers/STM32L1xx_HAL_Driver/Src/stm32l1xx_hal_cortex.o
 .text.__NVIC_EnableIRQ
                0x00000000080030e0       0x38 ./Drivers/STM32L1xx_HAL_Driver/Src/stm32l1xx_hal_cortex.o
 .text.__NVIC_SetPriority
                0x0000000008003118       0x54 ./Drivers/STM32L1xx_HAL_Driver/Src/stm32l1xx_hal_cortex.o
 .text.NVIC_EncodePriority
                0x000000000800316c       0x64 ./Drivers/STM32L1xx_HAL_Driver/Src/stm32l1xx_hal_cortex.o
 .text.SysTick_Config
                0x00000000080031d0       0x44 ./Drivers/STM32L1xx_HAL_Driver/Src/stm32l1xx_hal_cortex.o
 .text.HAL_NVIC_SetPriorityGrouping
                0x0000000008003214       0x16 ./Drivers/STM32L1xx_HAL_Driver/Src/stm32l1xx_hal_cortex.o
                0x0000000008003214                HAL_NVIC_SetPriorityGrouping
 .text.HAL_NVIC_SetPriority
                0x000000000800322a       0x38 ./Drivers/STM32L1xx_HAL_Driver/Src/stm32l1xx_hal_cortex.o
                0x000000000800322a                HAL_NVIC_SetPriority
 .text.HAL_NVIC_EnableIRQ
                0x0000000008003262       0x1c ./Drivers/STM32L1xx_HAL_Driver/Src/stm32l1xx_hal_cortex.o
                0x0000000008003262                HAL_NVIC_EnableIRQ
 .text.HAL_SYSTICK_Config
                0x000000000800327e       0x18 ./Drivers/STM32L1xx_HAL_Driver/Src/stm32l1xx_hal_cortex.o
                0x000000000800327e                HAL_SYSTICK_Config
 *fill*         0x0000000008003296        0x2 
 .text.HAL_DMA_Init
                0x0000000008003298       0xb0 ./Drivers/STM32L1xx_HAL_Driver/Src/stm32l1xx_hal_dma.o
                0x0000000008003298                HAL_DMA_Init
 .text.HAL_DMA_Start_IT
                0x0000000008003348       0xc0 ./Drivers/STM32L1xx_HAL_Driver/Src/stm32l1xx_hal_dma.o
                0x0000000008003348                HAL_DMA_Start_IT
 .text.HAL_DMA_Abort
                0x0000000008003408       0x7a ./Drivers/STM32L1xx_HAL_Driver/Src/stm32l1xx_hal_dma.o
                0x0000000008003408                HAL_DMA_Abort
 .text.HAL_DMA_Abort_IT
                0x0000000008003482       0x82 ./Drivers/STM32L1xx_HAL_Driver/Src/stm32l1xx_hal_dma.o
                0x0000000008003482                HAL_DMA_Abort_IT
 .text.HAL_DMA_IRQHandler
                0x0000000008003504      0x15e ./Drivers/STM32L1xx_HAL_Driver/Src/stm32l1xx_hal_dma.o
                0x0000000008003504                HAL_DMA_IRQHandler
 .text.DMA_SetConfig
                0x0000000008003662       0x5e ./Drivers/STM32L1xx_HAL_Driver/Src/stm32l1xx_hal_dma.o
 .text.HAL_GPIO_Init
                0x00000000080036c0      0x300 ./Drivers/STM32L1xx_HAL_Driver/Src/stm32l1xx_hal_gpio.o
                0x00000000080036c0                HAL_GPIO_Init
 .text.HAL_GPIO_ReadPin
                0x00000000080039c0       0x2e ./Drivers/STM32L1xx_HAL_Driver/Src/stm32l1xx_hal_gpio.o
                0x00000000080039c0                HAL_GPIO_ReadPin
 .text.HAL_GPIO_WritePin
                0x00000000080039ee       0x30 ./Drivers/STM32L1xx_HAL_Driver/Src/stm32l1xx_hal_gpio.o
                0x00000000080039ee                HAL_GPIO_WritePin
 .text.HAL_GPIO_TogglePin
                0x0000000008003a1e       0x32 ./Drivers/STM32L1xx_HAL_Driver/Src/stm32l1xx_hal_gpio.o
                0x0000000008003a1e                HAL_GPIO_TogglePin
 .text.HAL_GPIO_EXTI_IRQHandler
                0x0000000008003a50       0x30 ./Drivers/STM32L1xx_HAL_Driver/Src/stm32l1xx_hal_gpio.o
                0x0000000008003a50                HAL_GPIO_EXTI_IRQHandler
 .text.HAL_RCC_OscConfig
                0x0000000008003a80      0x660 ./Drivers/STM32L1xx_HAL_Driver/Src/stm32l1xx_hal_rcc.o
                0x0000000008003a80                HAL_RCC_OscConfig
 .text.HAL_RCC_ClockConfig
                0x00000000080040e0      0x268 ./Drivers/STM32L1xx_HAL_Driver/Src/stm32l1xx_hal_rcc.o
                0x00000000080040e0                HAL_RCC_ClockConfig
 .text.HAL_RCC_GetSysClockFreq
                0x0000000008004348      0x14c ./Drivers/STM32L1xx_HAL_Driver/Src/stm32l1xx_hal_rcc.o
                0x0000000008004348                HAL_RCC_GetSysClockFreq
 .text.HAL_RCC_GetHCLKFreq
                0x0000000008004494       0x14 ./Drivers/STM32L1xx_HAL_Driver/Src/stm32l1xx_hal_rcc.o
                0x0000000008004494                HAL_RCC_GetHCLKFreq
 .text.HAL_RCC_GetPCLK1Freq
                0x00000000080044a8       0x28 ./Drivers/STM32L1xx_HAL_Driver/Src/stm32l1xx_hal_rcc.o
                0x00000000080044a8                HAL_RCC_GetPCLK1Freq
 .text.HAL_RCC_GetPCLK2Freq
                0x00000000080044d0       0x28 ./Drivers/STM32L1xx_HAL_Driver/Src/stm32l1xx_hal_rcc.o
                0x00000000080044d0                HAL_RCC_GetPCLK2Freq
 .text.RCC_SetFlashLatencyFromMSIRange
                0x00000000080044f8       0xc0 ./Drivers/STM32L1xx_HAL_Driver/Src/stm32l1xx_hal_rcc.o
 .text.HAL_TIM_Base_Init
                0x00000000080045b8       0x7e ./Drivers/STM32L1xx_HAL_Driver/Src/stm32l1xx_hal_tim.o
                0x00000000080045b8                HAL_TIM_Base_Init
 *fill*         0x0000000008004636        0x2 
 .text.HAL_TIM_Base_Start_IT
                0x0000000008004638       0xa4 ./Drivers/STM32L1xx_HAL_Driver/Src/stm32l1xx_hal_tim.o
                0x0000000008004638                HAL_TIM_Base_Start_IT
 .text.HAL_TIM_Base_Stop_IT
                0x00000000080046dc       0x4c ./Drivers/STM32L1xx_HAL_Driver/Src/stm32l1xx_hal_tim.o
                0x00000000080046dc                HAL_TIM_Base_Stop_IT
 .text.HAL_TIM_PWM_Init
                0x0000000008004728       0x7e ./Drivers/STM32L1xx_HAL_Driver/Src/stm32l1xx_hal_tim.o
                0x0000000008004728                HAL_TIM_PWM_Init
 .text.HAL_TIM_PWM_MspInit
                0x00000000080047a6       0x12 ./Drivers/STM32L1xx_HAL_Driver/Src/stm32l1xx_hal_tim.o
                0x00000000080047a6                HAL_TIM_PWM_MspInit
 .text.HAL_TIM_PWM_Start
                0x00000000080047b8      0x12c ./Drivers/STM32L1xx_HAL_Driver/Src/stm32l1xx_hal_tim.o
                0x00000000080047b8                HAL_TIM_PWM_Start
 .text.HAL_TIM_IRQHandler
                0x00000000080048e4      0x1b8 ./Drivers/STM32L1xx_HAL_Driver/Src/stm32l1xx_hal_tim.o
                0x00000000080048e4                HAL_TIM_IRQHandler
 .text.HAL_TIM_PWM_ConfigChannel
                0x0000000008004a9c      0x17c ./Drivers/STM32L1xx_HAL_Driver/Src/stm32l1xx_hal_tim.o
                0x0000000008004a9c                HAL_TIM_PWM_ConfigChannel
 .text.HAL_TIM_ConfigClockSource
                0x0000000008004c18      0x188 ./Drivers/STM32L1xx_HAL_Driver/Src/stm32l1xx_hal_tim.o
                0x0000000008004c18                HAL_TIM_ConfigClockSource
 .text.HAL_TIM_OC_DelayElapsedCallback
                0x0000000008004da0       0x12 ./Drivers/STM32L1xx_HAL_Driver/Src/stm32l1xx_hal_tim.o
                0x0000000008004da0                HAL_TIM_OC_DelayElapsedCallback
 .text.HAL_TIM_IC_CaptureCallback
                0x0000000008004db2       0x12 ./Drivers/STM32L1xx_HAL_Driver/Src/stm32l1xx_hal_tim.o
                0x0000000008004db2                HAL_TIM_IC_CaptureCallback
 .text.HAL_TIM_PWM_PulseFinishedCallback
                0x0000000008004dc4       0x12 ./Drivers/STM32L1xx_HAL_Driver/Src/stm32l1xx_hal_tim.o
                0x0000000008004dc4                HAL_TIM_PWM_PulseFinishedCallback
 .text.HAL_TIM_TriggerCallback
                0x0000000008004dd6       0x12 ./Drivers/STM32L1xx_HAL_Driver/Src/stm32l1xx_hal_tim.o
                0x0000000008004dd6                HAL_TIM_TriggerCallback
 .text.TIM_Base_SetConfig
                0x0000000008004de8       0xc4 ./Drivers/STM32L1xx_HAL_Driver/Src/stm32l1xx_hal_tim.o
 .text.TIM_OC1_SetConfig
                0x0000000008004eac       0x78 ./Drivers/STM32L1xx_HAL_Driver/Src/stm32l1xx_hal_tim.o
 .text.TIM_OC2_SetConfig
                0x0000000008004f24       0x7c ./Drivers/STM32L1xx_HAL_Driver/Src/stm32l1xx_hal_tim.o
 .text.TIM_OC3_SetConfig
                0x0000000008004fa0       0x7a ./Drivers/STM32L1xx_HAL_Driver/Src/stm32l1xx_hal_tim.o
 .text.TIM_OC4_SetConfig
                0x000000000800501a       0x7c ./Drivers/STM32L1xx_HAL_Driver/Src/stm32l1xx_hal_tim.o
 .text.TIM_TI1_ConfigInputStage
                0x0000000008005096       0x5c ./Drivers/STM32L1xx_HAL_Driver/Src/stm32l1xx_hal_tim.o
 .text.TIM_TI2_ConfigInputStage
                0x00000000080050f2       0x5e ./Drivers/STM32L1xx_HAL_Driver/Src/stm32l1xx_hal_tim.o
 .text.TIM_ITRx_SetConfig
                0x0000000008005150       0x34 ./Drivers/STM32L1xx_HAL_Driver/Src/stm32l1xx_hal_tim.o
 .text.TIM_ETR_SetConfig
                0x0000000008005184       0x3e ./Drivers/STM32L1xx_HAL_Driver/Src/stm32l1xx_hal_tim.o
 .text.TIM_CCxChannelCmd
                0x00000000080051c2       0x48 ./Drivers/STM32L1xx_HAL_Driver/Src/stm32l1xx_hal_tim.o
 *fill*         0x000000000800520a        0x2 
 .text.HAL_TIMEx_MasterConfigSynchronization
                0x000000000800520c       0xbc ./Drivers/STM32L1xx_HAL_Driver/Src/stm32l1xx_hal_tim_ex.o
                0x000000000800520c                HAL_TIMEx_MasterConfigSynchronization
 .text.HAL_UART_Init
                0x00000000080052c8       0x9a ./Drivers/STM32L1xx_HAL_Driver/Src/stm32l1xx_hal_uart.o
                0x00000000080052c8                HAL_UART_Init
 .text.HAL_UART_Transmit
                0x0000000008005362      0x124 ./Drivers/STM32L1xx_HAL_Driver/Src/stm32l1xx_hal_uart.o
                0x0000000008005362                HAL_UART_Transmit
 .text.HAL_UART_Receive_IT
                0x0000000008005486       0x60 ./Drivers/STM32L1xx_HAL_Driver/Src/stm32l1xx_hal_uart.o
                0x0000000008005486                HAL_UART_Receive_IT
 *fill*         0x00000000080054e6        0x2 
 .text.HAL_UART_IRQHandler
                0x00000000080054e8      0x354 ./Drivers/STM32L1xx_HAL_Driver/Src/stm32l1xx_hal_uart.o
                0x00000000080054e8                HAL_UART_IRQHandler
 .text.HAL_UART_TxCpltCallback
                0x000000000800583c       0x12 ./Drivers/STM32L1xx_HAL_Driver/Src/stm32l1xx_hal_uart.o
                0x000000000800583c                HAL_UART_TxCpltCallback
 .text.HAL_UART_ErrorCallback
                0x000000000800584e       0x12 ./Drivers/STM32L1xx_HAL_Driver/Src/stm32l1xx_hal_uart.o
                0x000000000800584e                HAL_UART_ErrorCallback
 .text.HAL_UARTEx_RxEventCallback
                0x0000000008005860       0x16 ./Drivers/STM32L1xx_HAL_Driver/Src/stm32l1xx_hal_uart.o
                0x0000000008005860                HAL_UARTEx_RxEventCallback
 .text.UART_WaitOnFlagUntilTimeout
                0x0000000008005876       0x94 ./Drivers/STM32L1xx_HAL_Driver/Src/stm32l1xx_hal_uart.o
 .text.UART_Start_Receive_IT
                0x000000000800590a       0x72 ./Drivers/STM32L1xx_HAL_Driver/Src/stm32l1xx_hal_uart.o
                0x000000000800590a                UART_Start_Receive_IT
 .text.UART_EndRxTransfer
                0x000000000800597c       0x58 ./Drivers/STM32L1xx_HAL_Driver/Src/stm32l1xx_hal_uart.o
 .text.UART_DMAAbortOnError
                0x00000000080059d4       0x28 ./Drivers/STM32L1xx_HAL_Driver/Src/stm32l1xx_hal_uart.o
 .text.UART_Transmit_IT
                0x00000000080059fc       0x9e ./Drivers/STM32L1xx_HAL_Driver/Src/stm32l1xx_hal_uart.o
 .text.UART_EndTransmit_IT
                0x0000000008005a9a       0x30 ./Drivers/STM32L1xx_HAL_Driver/Src/stm32l1xx_hal_uart.o
 .text.UART_Receive_IT
                0x0000000008005aca      0x152 ./Drivers/STM32L1xx_HAL_Driver/Src/stm32l1xx_hal_uart.o
 .text.UART_SetConfig
                0x0000000008005c1c      0x1c8 ./Drivers/STM32L1xx_HAL_Driver/Src/stm32l1xx_hal_uart.o
 .text.__errno  0x0000000008005de4        0xc c:/engineering/st/stm32cubeide/stm32cubeide/plugins/com.st.stm32cube.ide.mcu.externaltools.gnu-tools-for-stm32.9-2020-q2-update.win32_2.0.0.202105311346/tools/bin/../lib/gcc/arm-none-eabi/9.3.1/../../../../arm-none-eabi/lib/thumb/v7-m/nofp\libc_nano.a(lib_a-errno.o)
                0x0000000008005de4                __errno
 .text.__libc_init_array
                0x0000000008005df0       0x48 c:/engineering/st/stm32cubeide/stm32cubeide/plugins/com.st.stm32cube.ide.mcu.externaltools.gnu-tools-for-stm32.9-2020-q2-update.win32_2.0.0.202105311346/tools/bin/../lib/gcc/arm-none-eabi/9.3.1/../../../../arm-none-eabi/lib/thumb/v7-m/nofp\libc_nano.a(lib_a-init.o)
                0x0000000008005df0                __libc_init_array
 .text.memset   0x0000000008005e38       0x10 c:/engineering/st/stm32cubeide/stm32cubeide/plugins/com.st.stm32cube.ide.mcu.externaltools.gnu-tools-for-stm32.9-2020-q2-update.win32_2.0.0.202105311346/tools/bin/../lib/gcc/arm-none-eabi/9.3.1/../../../../arm-none-eabi/lib/thumb/v7-m/nofp\libc_nano.a(lib_a-memset.o)
                0x0000000008005e38                memset
 .text.sprintf  0x0000000008005e48       0x40 c:/engineering/st/stm32cubeide/stm32cubeide/plugins/com.st.stm32cube.ide.mcu.externaltools.gnu-tools-for-stm32.9-2020-q2-update.win32_2.0.0.202105311346/tools/bin/../lib/gcc/arm-none-eabi/9.3.1/../../../../arm-none-eabi/lib/thumb/v7-m/nofp\libc_nano.a(lib_a-sprintf.o)
                0x0000000008005e48                siprintf
                0x0000000008005e48                sprintf
 .text.__ssputs_r
                0x0000000008005e88       0xb6 c:/engineering/st/stm32cubeide/stm32cubeide/plugins/com.st.stm32cube.ide.mcu.externaltools.gnu-tools-for-stm32.9-2020-q2-update.win32_2.0.0.202105311346/tools/bin/../lib/gcc/arm-none-eabi/9.3.1/../../../../arm-none-eabi/lib/thumb/v7-m/nofp\libc_nano.a(lib_a-nano-svfprintf.o)
                0x0000000008005e88                __ssputs_r
 *fill*         0x0000000008005f3e        0x2 
 .text._svfprintf_r
                0x0000000008005f40      0x200 c:/engineering/st/stm32cubeide/stm32cubeide/plugins/com.st.stm32cube.ide.mcu.externaltools.gnu-tools-for-stm32.9-2020-q2-update.win32_2.0.0.202105311346/tools/bin/../lib/gcc/arm-none-eabi/9.3.1/../../../../arm-none-eabi/lib/thumb/v7-m/nofp\libc_nano.a(lib_a-nano-svfprintf.o)
                0x0000000008005f40                _svfiprintf_r
                0x0000000008005f40                _svfprintf_r
 .text._printf_common
                0x0000000008006140       0xde c:/engineering/st/stm32cubeide/stm32cubeide/plugins/com.st.stm32cube.ide.mcu.externaltools.gnu-tools-for-stm32.9-2020-q2-update.win32_2.0.0.202105311346/tools/bin/../lib/gcc/arm-none-eabi/9.3.1/../../../../arm-none-eabi/lib/thumb/v7-m/nofp\libc_nano.a(lib_a-nano-vfprintf_i.o)
                0x0000000008006140                _printf_common
 *fill*         0x000000000800621e        0x2 
 .text._printf_i
                0x0000000008006220      0x24c c:/engineering/st/stm32cubeide/stm32cubeide/plugins/com.st.stm32cube.ide.mcu.externaltools.gnu-tools-for-stm32.9-2020-q2-update.win32_2.0.0.202105311346/tools/bin/../lib/gcc/arm-none-eabi/9.3.1/../../../../arm-none-eabi/lib/thumb/v7-m/nofp\libc_nano.a(lib_a-nano-vfprintf_i.o)
                0x0000000008006220                _printf_i
 .text.memchr   0x000000000800646c       0x1c c:/engineering/st/stm32cubeide/stm32cubeide/plugins/com.st.stm32cube.ide.mcu.externaltools.gnu-tools-for-stm32.9-2020-q2-update.win32_2.0.0.202105311346/tools/bin/../lib/gcc/arm-none-eabi/9.3.1/../../../../arm-none-eabi/lib/thumb/v7-m/nofp\libc_nano.a(lib_a-memchr-stub.o)
                0x000000000800646c                memchr
 .text.memcpy   0x0000000008006488       0x1c c:/engineering/st/stm32cubeide/stm32cubeide/plugins/com.st.stm32cube.ide.mcu.externaltools.gnu-tools-for-stm32.9-2020-q2-update.win32_2.0.0.202105311346/tools/bin/../lib/gcc/arm-none-eabi/9.3.1/../../../../arm-none-eabi/lib/thumb/v7-m/nofp\libc_nano.a(lib_a-memcpy-stub.o)
                0x0000000008006488                memcpy
 .text.memmove  0x00000000080064a4       0x34 c:/engineering/st/stm32cubeide/stm32cubeide/plugins/com.st.stm32cube.ide.mcu.externaltools.gnu-tools-for-stm32.9-2020-q2-update.win32_2.0.0.202105311346/tools/bin/../lib/gcc/arm-none-eabi/9.3.1/../../../../arm-none-eabi/lib/thumb/v7-m/nofp\libc_nano.a(lib_a-memmove.o)
                0x00000000080064a4                memmove
 .text._free_r  0x00000000080064d8       0x98 c:/engineering/st/stm32cubeide/stm32cubeide/plugins/com.st.stm32cube.ide.mcu.externaltools.gnu-tools-for-stm32.9-2020-q2-update.win32_2.0.0.202105311346/tools/bin/../lib/gcc/arm-none-eabi/9.3.1/../../../../arm-none-eabi/lib/thumb/v7-m/nofp\libc_nano.a(lib_a-nano-freer.o)
                0x00000000080064d8                _free_r
 .text._malloc_r
                0x0000000008006570       0xb4 c:/engineering/st/stm32cubeide/stm32cubeide/plugins/com.st.stm32cube.ide.mcu.externaltools.gnu-tools-for-stm32.9-2020-q2-update.win32_2.0.0.202105311346/tools/bin/../lib/gcc/arm-none-eabi/9.3.1/../../../../arm-none-eabi/lib/thumb/v7-m/nofp\libc_nano.a(lib_a-nano-mallocr.o)
                0x0000000008006570                _malloc_r
 .text._realloc_r
                0x0000000008006624       0x4c c:/engineering/st/stm32cubeide/stm32cubeide/plugins/com.st.stm32cube.ide.mcu.externaltools.gnu-tools-for-stm32.9-2020-q2-update.win32_2.0.0.202105311346/tools/bin/../lib/gcc/arm-none-eabi/9.3.1/../../../../arm-none-eabi/lib/thumb/v7-m/nofp\libc_nano.a(lib_a-nano-reallocr.o)
                0x0000000008006624                _realloc_r
 .text._sbrk_r  0x0000000008006670       0x20 c:/engineering/st/stm32cubeide/stm32cubeide/plugins/com.st.stm32cube.ide.mcu.externaltools.gnu-tools-for-stm32.9-2020-q2-update.win32_2.0.0.202105311346/tools/bin/../lib/gcc/arm-none-eabi/9.3.1/../../../../arm-none-eabi/lib/thumb/v7-m/nofp\libc_nano.a(lib_a-sbrkr.o)
                0x0000000008006670                _sbrk_r
 .text.__malloc_lock
                0x0000000008006690        0xc c:/engineering/st/stm32cubeide/stm32cubeide/plugins/com.st.stm32cube.ide.mcu.externaltools.gnu-tools-for-stm32.9-2020-q2-update.win32_2.0.0.202105311346/tools/bin/../lib/gcc/arm-none-eabi/9.3.1/../../../../arm-none-eabi/lib/thumb/v7-m/nofp\libc_nano.a(lib_a-mlock.o)
                0x0000000008006690                __malloc_lock
 .text.__malloc_unlock
                0x000000000800669c        0xc c:/engineering/st/stm32cubeide/stm32cubeide/plugins/com.st.stm32cube.ide.mcu.externaltools.gnu-tools-for-stm32.9-2020-q2-update.win32_2.0.0.202105311346/tools/bin/../lib/gcc/arm-none-eabi/9.3.1/../../../../arm-none-eabi/lib/thumb/v7-m/nofp\libc_nano.a(lib_a-mlock.o)
                0x000000000800669c                __malloc_unlock
 .text._malloc_usable_size_r
                0x00000000080066a8       0x10 c:/engineering/st/stm32cubeide/stm32cubeide/plugins/com.st.stm32cube.ide.mcu.externaltools.gnu-tools-for-stm32.9-2020-q2-update.win32_2.0.0.202105311346/tools/bin/../lib/gcc/arm-none-eabi/9.3.1/../../../../arm-none-eabi/lib/thumb/v7-m/nofp\libc_nano.a(lib_a-nano-msizer.o)
                0x00000000080066a8                _malloc_usable_size_r
 .text.__retarget_lock_acquire_recursive
                0x00000000080066b8        0x2 c:/engineering/st/stm32cubeide/stm32cubeide/plugins/com.st.stm32cube.ide.mcu.externaltools.gnu-tools-for-stm32.9-2020-q2-update.win32_2.0.0.202105311346/tools/bin/../lib/gcc/arm-none-eabi/9.3.1/../../../../arm-none-eabi/lib/thumb/v7-m/nofp\libc_nano.a(lib_a-lock.o)
                0x00000000080066b8                __retarget_lock_acquire_recursive
 .text.__retarget_lock_release_recursive
                0x00000000080066ba        0x2 c:/engineering/st/stm32cubeide/stm32cubeide/plugins/com.st.stm32cube.ide.mcu.externaltools.gnu-tools-for-stm32.9-2020-q2-update.win32_2.0.0.202105311346/tools/bin/../lib/gcc/arm-none-eabi/9.3.1/../../../../arm-none-eabi/lib/thumb/v7-m/nofp\libc_nano.a(lib_a-lock.o)
                0x00000000080066ba                __retarget_lock_release_recursive
 *(.glue_7)
 .glue_7        0x00000000080066bc        0x0 linker stubs
 *(.glue_7t)
 .glue_7t       0x00000000080066bc        0x0 linker stubs
 *(.eh_frame)
 .eh_frame      0x00000000080066bc        0x0 c:/engineering/st/stm32cubeide/stm32cubeide/plugins/com.st.stm32cube.ide.mcu.externaltools.gnu-tools-for-stm32.9-2020-q2-update.win32_2.0.0.202105311346/tools/bin/../lib/gcc/arm-none-eabi/9.3.1/thumb/v7-m/nofp/crtbegin.o
 *(.init)
 .init          0x00000000080066bc        0x4 c:/engineering/st/stm32cubeide/stm32cubeide/plugins/com.st.stm32cube.ide.mcu.externaltools.gnu-tools-for-stm32.9-2020-q2-update.win32_2.0.0.202105311346/tools/bin/../lib/gcc/arm-none-eabi/9.3.1/thumb/v7-m/nofp/crti.o
                0x00000000080066bc                _init
 .init          0x00000000080066c0        0x8 c:/engineering/st/stm32cubeide/stm32cubeide/plugins/com.st.stm32cube.ide.mcu.externaltools.gnu-tools-for-stm32.9-2020-q2-update.win32_2.0.0.202105311346/tools/bin/../lib/gcc/arm-none-eabi/9.3.1/thumb/v7-m/nofp/crtn.o
 *(.fini)
 .fini          0x00000000080066c8        0x4 c:/engineering/st/stm32cubeide/stm32cubeide/plugins/com.st.stm32cube.ide.mcu.externaltools.gnu-tools-for-stm32.9-2020-q2-update.win32_2.0.0.202105311346/tools/bin/../lib/gcc/arm-none-eabi/9.3.1/thumb/v7-m/nofp/crti.o
                0x00000000080066c8                _fini
 .fini          0x00000000080066cc        0x8 c:/engineering/st/stm32cubeide/stm32cubeide/plugins/com.st.stm32cube.ide.mcu.externaltools.gnu-tools-for-stm32.9-2020-q2-update.win32_2.0.0.202105311346/tools/bin/../lib/gcc/arm-none-eabi/9.3.1/thumb/v7-m/nofp/crtn.o
                0x00000000080066d4                . = ALIGN (0x4)
                0x00000000080066d4                _etext = .

.vfp11_veneer   0x00000000080066d4        0x0
 .vfp11_veneer  0x00000000080066d4        0x0 linker stubs

.v4_bx          0x00000000080066d4        0x0
 .v4_bx         0x00000000080066d4        0x0 linker stubs

.iplt           0x00000000080066d4        0x0
 .iplt          0x00000000080066d4        0x0 c:/engineering/st/stm32cubeide/stm32cubeide/plugins/com.st.stm32cube.ide.mcu.externaltools.gnu-tools-for-stm32.9-2020-q2-update.win32_2.0.0.202105311346/tools/bin/../lib/gcc/arm-none-eabi/9.3.1/thumb/v7-m/nofp/crtbegin.o

.rodata         0x00000000080066d4      0x2bc
                0x00000000080066d4                . = ALIGN (0x4)
 *(.rodata)
 .rodata        0x00000000080066d4       0xc9 ./Core/Src/cli.o
 *fill*         0x000000000800679d        0x3 
 .rodata        0x00000000080067a0       0x34 ./Core/Src/init.o
 .rodata        0x00000000080067d4      0x157 ./Core/Src/main.o
 *fill*         0x000000000800692b        0x1 
 .rodata        0x000000000800692c        0xa ./Core/Src/usart.o
 *(.rodata*)
 *fill*         0x0000000008006936        0x2 
 .rodata.PLLMulTable
                0x0000000008006938        0x9 ./Core/Src/system_stm32l1xx.o
                0x0000000008006938                PLLMulTable
 *fill*         0x0000000008006941        0x3 
 .rodata.AHBPrescTable
                0x0000000008006944       0x10 ./Core/Src/system_stm32l1xx.o
                0x0000000008006944                AHBPrescTable
 .rodata.APBPrescTable
                0x0000000008006954        0x8 ./Core/Src/system_stm32l1xx.o
                0x0000000008006954                APBPrescTable
 .rodata._svfprintf_r.str1.1
                0x000000000800695c       0x11 c:/engineering/st/stm32cubeide/stm32cubeide/plugins/com.st.stm32cube.ide.mcu.externaltools.gnu-tools-for-stm32.9-2020-q2-update.win32_2.0.0.202105311346/tools/bin/../lib/gcc/arm-none-eabi/9.3.1/../../../../arm-none-eabi/lib/thumb/v7-m/nofp\libc_nano.a(lib_a-nano-svfprintf.o)
 .rodata._printf_i.str1.1
                0x000000000800696d       0x22 c:/engineering/st/stm32cubeide/stm32cubeide/plugins/com.st.stm32cube.ide.mcu.externaltools.gnu-tools-for-stm32.9-2020-q2-update.win32_2.0.0.202105311346/tools/bin/../lib/gcc/arm-none-eabi/9.3.1/../../../../arm-none-eabi/lib/thumb/v7-m/nofp\libc_nano.a(lib_a-nano-vfprintf_i.o)
                0x0000000008006990                . = ALIGN (0x4)
 *fill*         0x000000000800698f        0x1 

.ARM.extab      0x0000000008006990        0x0
                0x0000000008006990                . = ALIGN (0x4)
 *(.ARM.extab* .gnu.linkonce.armextab.*)
                0x0000000008006990                . = ALIGN (0x4)

.ARM            0x0000000008006990        0x8
                0x0000000008006990                . = ALIGN (0x4)
                0x0000000008006990                __exidx_start = .
 *(.ARM.exidx*)
 .ARM.exidx     0x0000000008006990        0x8 c:/engineering/st/stm32cubeide/stm32cubeide/plugins/com.st.stm32cube.ide.mcu.externaltools.gnu-tools-for-stm32.9-2020-q2-update.win32_2.0.0.202105311346/tools/bin/../lib/gcc/arm-none-eabi/9.3.1/thumb/v7-m/nofp\libgcc.a(_udivmoddi4.o)
                0x0000000008006998                __exidx_end = .
                0x0000000008006998                . = ALIGN (0x4)

.rel.dyn        0x0000000008006998        0x0
 .rel.iplt      0x0000000008006998        0x0 c:/engineering/st/stm32cubeide/stm32cubeide/plugins/com.st.stm32cube.ide.mcu.externaltools.gnu-tools-for-stm32.9-2020-q2-update.win32_2.0.0.202105311346/tools/bin/../lib/gcc/arm-none-eabi/9.3.1/thumb/v7-m/nofp/crtbegin.o

.preinit_array  0x0000000008006998        0x0
                0x0000000008006998                . = ALIGN (0x4)
                0x0000000008006998                PROVIDE (__preinit_array_start = .)
 *(.preinit_array*)
                0x0000000008006998                PROVIDE (__preinit_array_end = .)
                0x0000000008006998                . = ALIGN (0x4)

.init_array     0x0000000008006998        0x4
                0x0000000008006998                . = ALIGN (0x4)
                0x0000000008006998                PROVIDE (__init_array_start = .)
 *(SORT_BY_NAME(.init_array.*))
 *(.init_array*)
 .init_array    0x0000000008006998        0x4 c:/engineering/st/stm32cubeide/stm32cubeide/plugins/com.st.stm32cube.ide.mcu.externaltools.gnu-tools-for-stm32.9-2020-q2-update.win32_2.0.0.202105311346/tools/bin/../lib/gcc/arm-none-eabi/9.3.1/thumb/v7-m/nofp/crtbegin.o
                0x000000000800699c                PROVIDE (__init_array_end = .)
                0x000000000800699c                . = ALIGN (0x4)

.fini_array     0x000000000800699c        0x4
                0x000000000800699c                . = ALIGN (0x4)
                [!provide]                        PROVIDE (__fini_array_start = .)
 *(SORT_BY_NAME(.fini_array.*))
 *(.fini_array*)
 .fini_array    0x000000000800699c        0x4 c:/engineering/st/stm32cubeide/stm32cubeide/plugins/com.st.stm32cube.ide.mcu.externaltools.gnu-tools-for-stm32.9-2020-q2-update.win32_2.0.0.202105311346/tools/bin/../lib/gcc/arm-none-eabi/9.3.1/thumb/v7-m/nofp/crtbegin.o
                [!provide]                        PROVIDE (__fini_array_end = .)
                0x00000000080069a0                . = ALIGN (0x4)
                0x00000000080069a0                _sidata = LOADADDR (.data)

.data           0x0000000020000000       0x70 load address 0x00000000080069a0
                0x0000000020000000                . = ALIGN (0x4)
                0x0000000020000000                _sdata = .
 *(.data)
 *(.data*)
 .data.SystemCoreClock
                0x0000000020000000        0x4 ./Core/Src/system_stm32l1xx.o
                0x0000000020000000                SystemCoreClock
 .data.uwTickPrio
                0x0000000020000004        0x4 ./Drivers/STM32L1xx_HAL_Driver/Src/stm32l1xx_hal.o
                0x0000000020000004                uwTickPrio
 .data.uwTickFreq
                0x0000000020000008        0x4 ./Drivers/STM32L1xx_HAL_Driver/Src/stm32l1xx_hal.o
                0x0000000020000008                uwTickFreq
 .data._impure_ptr
                0x000000002000000c        0x4 c:/engineering/st/stm32cubeide/stm32cubeide/plugins/com.st.stm32cube.ide.mcu.externaltools.gnu-tools-for-stm32.9-2020-q2-update.win32_2.0.0.202105311346/tools/bin/../lib/gcc/arm-none-eabi/9.3.1/../../../../arm-none-eabi/lib/thumb/v7-m/nofp\libc_nano.a(lib_a-impure.o)
                0x000000002000000c                _impure_ptr
 .data.impure_data
                0x0000000020000010       0x60 c:/engineering/st/stm32cubeide/stm32cubeide/plugins/com.st.stm32cube.ide.mcu.externaltools.gnu-tools-for-stm32.9-2020-q2-update.win32_2.0.0.202105311346/tools/bin/../lib/gcc/arm-none-eabi/9.3.1/../../../../arm-none-eabi/lib/thumb/v7-m/nofp\libc_nano.a(lib_a-impure.o)
 *(.RamFunc)
 *(.RamFunc*)
                0x0000000020000070                . = ALIGN (0x4)
                0x0000000020000070                _edata = .

.igot.plt       0x0000000020000070        0x0 load address 0x0000000008006a10
 .igot.plt      0x0000000020000070        0x0 c:/engineering/st/stm32cubeide/stm32cubeide/plugins/com.st.stm32cube.ide.mcu.externaltools.gnu-tools-for-stm32.9-2020-q2-update.win32_2.0.0.202105311346/tools/bin/../lib/gcc/arm-none-eabi/9.3.1/thumb/v7-m/nofp/crtbegin.o
                0x0000000020000070                . = ALIGN (0x4)

.bss            0x0000000020000070      0x268 load address 0x0000000008006a10
                0x0000000020000070                _sbss = .
                0x0000000020000070                __bss_start__ = _sbss
 *(.bss)
 .bss           0x0000000020000070       0x1c c:/engineering/st/stm32cubeide/stm32cubeide/plugins/com.st.stm32cube.ide.mcu.externaltools.gnu-tools-for-stm32.9-2020-q2-update.win32_2.0.0.202105311346/tools/bin/../lib/gcc/arm-none-eabi/9.3.1/thumb/v7-m/nofp/crtbegin.o
 *(.bss*)
 .bss.cli_input_value
                0x000000002000008c        0x4 ./Core/Src/cli.o
                0x000000002000008c                cli_input_value
 .bss.currentButton
                0x0000000020000090        0x1 ./Core/Src/global.o
                0x0000000020000090                currentButton
 .bss.previousButton
                0x0000000020000091        0x1 ./Core/Src/global.o
                0x0000000020000091                previousButton
 .bss.debounceCounter
                0x0000000020000092        0x1 ./Core/Src/global.o
                0x0000000020000092                debounceCounter
 .bss.debouncedButtonPressed
                0x0000000020000093        0x1 ./Core/Src/global.o
                0x0000000020000093                debouncedButtonPressed
 .bss.debouncedButtonReleased
                0x0000000020000094        0x1 ./Core/Src/global.o
                0x0000000020000094                debouncedButtonReleased
 .bss.flag_dt   0x0000000020000095        0x1 ./Core/Src/global.o
                0x0000000020000095                flag_dt
 .bss.flag_EOC  0x0000000020000096        0x1 ./Core/Src/global.o
                0x0000000020000096                flag_EOC
 .bss.flag_CRX  0x0000000020000097        0x1 ./Core/Src/global.o
                0x0000000020000097                flag_CRX
 .bss.flag_wrong_cmd
                0x0000000020000098        0x1 ./Core/Src/global.o
                0x0000000020000098                flag_wrong_cmd
 .bss.flag_update_pulse
                0x0000000020000099        0x1 ./Core/Src/global.o
                0x0000000020000099                flag_update_pulse
 .bss.op_mode   0x000000002000009a        0x1 ./Core/Src/global.o
                0x000000002000009a                op_mode
 *fill*         0x000000002000009b        0x1 
 .bss.__sbrk_heap_end
                0x000000002000009c        0x4 ./Core/Src/sysmem.o
 .bss.__malloc_free_list
                0x00000000200000a0        0x4 c:/engineering/st/stm32cubeide/stm32cubeide/plugins/com.st.stm32cube.ide.mcu.externaltools.gnu-tools-for-stm32.9-2020-q2-update.win32_2.0.0.202105311346/tools/bin/../lib/gcc/arm-none-eabi/9.3.1/../../../../arm-none-eabi/lib/thumb/v7-m/nofp\libc_nano.a(lib_a-nano-mallocr.o)
                0x00000000200000a0                __malloc_free_list
 .bss.__malloc_sbrk_start
                0x00000000200000a4        0x4 c:/engineering/st/stm32cubeide/stm32cubeide/plugins/com.st.stm32cube.ide.mcu.externaltools.gnu-tools-for-stm32.9-2020-q2-update.win32_2.0.0.202105311346/tools/bin/../lib/gcc/arm-none-eabi/9.3.1/../../../../arm-none-eabi/lib/thumb/v7-m/nofp\libc_nano.a(lib_a-nano-mallocr.o)
                0x00000000200000a4                __malloc_sbrk_start
 *(COMMON)
 COMMON         0x00000000200000a8       0x98 ./Core/Src/adc.o
                0x00000000200000a8                hdma_adc
                0x00000000200000ec                hadc
 COMMON         0x0000000020000140       0xc0 ./Core/Src/tim.o
                0x0000000020000140                htim4
                0x0000000020000180                htim6
                0x00000000200001c0                htim2
 COMMON         0x0000000020000200       0xc4 ./Core/Src/usart.o
                0x0000000020000200                rx_buffer
                0x0000000020000240                tx_buffer
                0x0000000020000280                huart1
 COMMON         0x00000000200002c4        0x4 ./Drivers/STM32L1xx_HAL_Driver/Src/stm32l1xx_hal.o
                0x00000000200002c4                uwTick
 COMMON         0x00000000200002c8        0x4 c:/engineering/st/stm32cubeide/stm32cubeide/plugins/com.st.stm32cube.ide.mcu.externaltools.gnu-tools-for-stm32.9-2020-q2-update.win32_2.0.0.202105311346/tools/bin/../lib/gcc/arm-none-eabi/9.3.1/../../../../arm-none-eabi/lib/thumb/v7-m/nofp\libc_nano.a(lib_a-reent.o)
                0x00000000200002c8                errno
 COMMON         0x00000000200002cc        0x9 c:/engineering/st/stm32cubeide/stm32cubeide/plugins/com.st.stm32cube.ide.mcu.externaltools.gnu-tools-for-stm32.9-2020-q2-update.win32_2.0.0.202105311346/tools/bin/../lib/gcc/arm-none-eabi/9.3.1/../../../../arm-none-eabi/lib/thumb/v7-m/nofp\libc_nano.a(lib_a-lock.o)
                0x00000000200002cc                __lock___atexit_recursive_mutex
                0x00000000200002cd                __lock___arc4random_mutex
                0x00000000200002ce                __lock___env_recursive_mutex
                0x00000000200002cf                __lock___sinit_recursive_mutex
                0x00000000200002d0                __lock___malloc_recursive_mutex
                0x00000000200002d1                __lock___at_quick_exit_mutex
                0x00000000200002d2                __lock___dd_hash_mutex
                0x00000000200002d3                __lock___tz_mutex
                0x00000000200002d4                __lock___sfp_recursive_mutex
                0x00000000200002d8                . = ALIGN (0x4)
 *fill*         0x00000000200002d5        0x3 
                0x00000000200002d8                _ebss = .
                0x00000000200002d8                __bss_end__ = _ebss

._user_heap_stack
                0x00000000200002d8      0x600 load address 0x0000000008006a10
                0x00000000200002d8                . = ALIGN (0x8)
                [!provide]                        PROVIDE (end = .)
                0x00000000200002d8                PROVIDE (_end = .)
                0x00000000200004d8                . = (. + _Min_Heap_Size)
 *fill*         0x00000000200002d8      0x200 
                0x00000000200008d8                . = (. + _Min_Stack_Size)
 *fill*         0x00000000200004d8      0x400 
                0x00000000200008d8                . = ALIGN (0x8)

/DISCARD/
 libc.a(*)
 libm.a(*)
 libgcc.a(*)

.ARM.attributes
                0x0000000000000000       0x29
 *(.ARM.attributes)
 .ARM.attributes
                0x0000000000000000       0x1d c:/engineering/st/stm32cubeide/stm32cubeide/plugins/com.st.stm32cube.ide.mcu.externaltools.gnu-tools-for-stm32.9-2020-q2-update.win32_2.0.0.202105311346/tools/bin/../lib/gcc/arm-none-eabi/9.3.1/thumb/v7-m/nofp/crti.o
 .ARM.attributes
                0x000000000000001d       0x2d c:/engineering/st/stm32cubeide/stm32cubeide/plugins/com.st.stm32cube.ide.mcu.externaltools.gnu-tools-for-stm32.9-2020-q2-update.win32_2.0.0.202105311346/tools/bin/../lib/gcc/arm-none-eabi/9.3.1/thumb/v7-m/nofp/crtbegin.o
 .ARM.attributes
                0x000000000000004a       0x2d ./Core/Src/adc.o
 .ARM.attributes
                0x0000000000000077       0x2d ./Core/Src/cli.o
 .ARM.attributes
                0x00000000000000a4       0x2d ./Core/Src/dma.o
 .ARM.attributes
                0x00000000000000d1       0x33 ./Core/Src/global.o
 .ARM.attributes
                0x0000000000000104       0x2d ./Core/Src/gpio.o
 .ARM.attributes
                0x0000000000000131       0x2d ./Core/Src/init.o
 .ARM.attributes
                0x000000000000015e       0x2d ./Core/Src/main.o
 .ARM.attributes
                0x000000000000018b       0x2d ./Core/Src/pid.o
 .ARM.attributes
                0x00000000000001b8       0x2d ./Core/Src/pwm.o
 .ARM.attributes
                0x00000000000001e5       0x2d ./Core/Src/stm32l1xx_hal_msp.o
 .ARM.attributes
                0x0000000000000212       0x2d ./Core/Src/stm32l1xx_it.o
 .ARM.attributes
                0x000000000000023f       0x2d ./Core/Src/sysmem.o
 .ARM.attributes
                0x000000000000026c       0x2d ./Core/Src/system_stm32l1xx.o
 .ARM.attributes
                0x0000000000000299       0x2d ./Core/Src/tim.o
 .ARM.attributes
                0x00000000000002c6       0x2d ./Core/Src/usart.o
 .ARM.attributes
                0x00000000000002f3       0x21 ./Core/Startup/startup_stm32l152rbtx.o
 .ARM.attributes
                0x0000000000000314       0x2d ./Drivers/STM32L1xx_HAL_Driver/Src/stm32l1xx_hal.o
 .ARM.attributes
                0x0000000000000341       0x2d ./Drivers/STM32L1xx_HAL_Driver/Src/stm32l1xx_hal_adc.o
 .ARM.attributes
                0x000000000000036e       0x2d ./Drivers/STM32L1xx_HAL_Driver/Src/stm32l1xx_hal_cortex.o
 .ARM.attributes
                0x000000000000039b       0x2d ./Drivers/STM32L1xx_HAL_Driver/Src/stm32l1xx_hal_dma.o
 .ARM.attributes
                0x00000000000003c8       0x2d ./Drivers/STM32L1xx_HAL_Driver/Src/stm32l1xx_hal_gpio.o
 .ARM.attributes
                0x00000000000003f5       0x2d ./Drivers/STM32L1xx_HAL_Driver/Src/stm32l1xx_hal_rcc.o
 .ARM.attributes
                0x0000000000000422       0x2d ./Drivers/STM32L1xx_HAL_Driver/Src/stm32l1xx_hal_tim.o
 .ARM.attributes
                0x000000000000044f       0x2d ./Drivers/STM32L1xx_HAL_Driver/Src/stm32l1xx_hal_tim_ex.o
 .ARM.attributes
                0x000000000000047c       0x2d ./Drivers/STM32L1xx_HAL_Driver/Src/stm32l1xx_hal_uart.o
 .ARM.attributes
                0x00000000000004a9       0x2d c:/engineering/st/stm32cubeide/stm32cubeide/plugins/com.st.stm32cube.ide.mcu.externaltools.gnu-tools-for-stm32.9-2020-q2-update.win32_2.0.0.202105311346/tools/bin/../lib/gcc/arm-none-eabi/9.3.1/../../../../arm-none-eabi/lib/thumb/v7-m/nofp\libc_nano.a(lib_a-errno.o)
 .ARM.attributes
                0x00000000000004d6       0x2d c:/engineering/st/stm32cubeide/stm32cubeide/plugins/com.st.stm32cube.ide.mcu.externaltools.gnu-tools-for-stm32.9-2020-q2-update.win32_2.0.0.202105311346/tools/bin/../lib/gcc/arm-none-eabi/9.3.1/../../../../arm-none-eabi/lib/thumb/v7-m/nofp\libc_nano.a(lib_a-impure.o)
 .ARM.attributes
                0x0000000000000503       0x2d c:/engineering/st/stm32cubeide/stm32cubeide/plugins/com.st.stm32cube.ide.mcu.externaltools.gnu-tools-for-stm32.9-2020-q2-update.win32_2.0.0.202105311346/tools/bin/../lib/gcc/arm-none-eabi/9.3.1/../../../../arm-none-eabi/lib/thumb/v7-m/nofp\libc_nano.a(lib_a-init.o)
 .ARM.attributes
                0x0000000000000530       0x2d c:/engineering/st/stm32cubeide/stm32cubeide/plugins/com.st.stm32cube.ide.mcu.externaltools.gnu-tools-for-stm32.9-2020-q2-update.win32_2.0.0.202105311346/tools/bin/../lib/gcc/arm-none-eabi/9.3.1/../../../../arm-none-eabi/lib/thumb/v7-m/nofp\libc_nano.a(lib_a-memset.o)
 .ARM.attributes
                0x000000000000055d       0x2d c:/engineering/st/stm32cubeide/stm32cubeide/plugins/com.st.stm32cube.ide.mcu.externaltools.gnu-tools-for-stm32.9-2020-q2-update.win32_2.0.0.202105311346/tools/bin/../lib/gcc/arm-none-eabi/9.3.1/../../../../arm-none-eabi/lib/thumb/v7-m/nofp\libc_nano.a(lib_a-sprintf.o)
 .ARM.attributes
                0x000000000000058a       0x17 c:/engineering/st/stm32cubeide/stm32cubeide/plugins/com.st.stm32cube.ide.mcu.externaltools.gnu-tools-for-stm32.9-2020-q2-update.win32_2.0.0.202105311346/tools/bin/../lib/gcc/arm-none-eabi/9.3.1/../../../../arm-none-eabi/lib/thumb/v7-m/nofp\libc_nano.a(lib_a-strlen.o)
 .ARM.attributes
                0x00000000000005a1       0x2d c:/engineering/st/stm32cubeide/stm32cubeide/plugins/com.st.stm32cube.ide.mcu.externaltools.gnu-tools-for-stm32.9-2020-q2-update.win32_2.0.0.202105311346/tools/bin/../lib/gcc/arm-none-eabi/9.3.1/../../../../arm-none-eabi/lib/thumb/v7-m/nofp\libc_nano.a(lib_a-nano-svfprintf.o)
 .ARM.attributes
                0x00000000000005ce       0x2d c:/engineering/st/stm32cubeide/stm32cubeide/plugins/com.st.stm32cube.ide.mcu.externaltools.gnu-tools-for-stm32.9-2020-q2-update.win32_2.0.0.202105311346/tools/bin/../lib/gcc/arm-none-eabi/9.3.1/../../../../arm-none-eabi/lib/thumb/v7-m/nofp\libc_nano.a(lib_a-nano-vfprintf_i.o)
 .ARM.attributes
                0x00000000000005fb       0x2d c:/engineering/st/stm32cubeide/stm32cubeide/plugins/com.st.stm32cube.ide.mcu.externaltools.gnu-tools-for-stm32.9-2020-q2-update.win32_2.0.0.202105311346/tools/bin/../lib/gcc/arm-none-eabi/9.3.1/../../../../arm-none-eabi/lib/thumb/v7-m/nofp\libc_nano.a(lib_a-memchr-stub.o)
 .ARM.attributes
                0x0000000000000628       0x2d c:/engineering/st/stm32cubeide/stm32cubeide/plugins/com.st.stm32cube.ide.mcu.externaltools.gnu-tools-for-stm32.9-2020-q2-update.win32_2.0.0.202105311346/tools/bin/../lib/gcc/arm-none-eabi/9.3.1/../../../../arm-none-eabi/lib/thumb/v7-m/nofp\libc_nano.a(lib_a-memcpy-stub.o)
 .ARM.attributes
                0x0000000000000655       0x2d c:/engineering/st/stm32cubeide/stm32cubeide/plugins/com.st.stm32cube.ide.mcu.externaltools.gnu-tools-for-stm32.9-2020-q2-update.win32_2.0.0.202105311346/tools/bin/../lib/gcc/arm-none-eabi/9.3.1/../../../../arm-none-eabi/lib/thumb/v7-m/nofp\libc_nano.a(lib_a-memmove.o)
 .ARM.attributes
                0x0000000000000682       0x2d c:/engineering/st/stm32cubeide/stm32cubeide/plugins/com.st.stm32cube.ide.mcu.externaltools.gnu-tools-for-stm32.9-2020-q2-update.win32_2.0.0.202105311346/tools/bin/../lib/gcc/arm-none-eabi/9.3.1/../../../../arm-none-eabi/lib/thumb/v7-m/nofp\libc_nano.a(lib_a-nano-freer.o)
 .ARM.attributes
                0x00000000000006af       0x2d c:/engineering/st/stm32cubeide/stm32cubeide/plugins/com.st.stm32cube.ide.mcu.externaltools.gnu-tools-for-stm32.9-2020-q2-update.win32_2.0.0.202105311346/tools/bin/../lib/gcc/arm-none-eabi/9.3.1/../../../../arm-none-eabi/lib/thumb/v7-m/nofp\libc_nano.a(lib_a-nano-mallocr.o)
 .ARM.attributes
                0x00000000000006dc       0x2d c:/engineering/st/stm32cubeide/stm32cubeide/plugins/com.st.stm32cube.ide.mcu.externaltools.gnu-tools-for-stm32.9-2020-q2-update.win32_2.0.0.202105311346/tools/bin/../lib/gcc/arm-none-eabi/9.3.1/../../../../arm-none-eabi/lib/thumb/v7-m/nofp\libc_nano.a(lib_a-nano-reallocr.o)
 .ARM.attributes
                0x0000000000000709       0x2d c:/engineering/st/stm32cubeide/stm32cubeide/plugins/com.st.stm32cube.ide.mcu.externaltools.gnu-tools-for-stm32.9-2020-q2-update.win32_2.0.0.202105311346/tools/bin/../lib/gcc/arm-none-eabi/9.3.1/../../../../arm-none-eabi/lib/thumb/v7-m/nofp\libc_nano.a(lib_a-sbrkr.o)
 .ARM.attributes
                0x0000000000000736       0x2d c:/engineering/st/stm32cubeide/stm32cubeide/plugins/com.st.stm32cube.ide.mcu.externaltools.gnu-tools-for-stm32.9-2020-q2-update.win32_2.0.0.202105311346/tools/bin/../lib/gcc/arm-none-eabi/9.3.1/../../../../arm-none-eabi/lib/thumb/v7-m/nofp\libc_nano.a(lib_a-mlock.o)
 .ARM.attributes
                0x0000000000000763       0x2d c:/engineering/st/stm32cubeide/stm32cubeide/plugins/com.st.stm32cube.ide.mcu.externaltools.gnu-tools-for-stm32.9-2020-q2-update.win32_2.0.0.202105311346/tools/bin/../lib/gcc/arm-none-eabi/9.3.1/../../../../arm-none-eabi/lib/thumb/v7-m/nofp\libc_nano.a(lib_a-nano-msizer.o)
 .ARM.attributes
                0x0000000000000790       0x2d c:/engineering/st/stm32cubeide/stm32cubeide/plugins/com.st.stm32cube.ide.mcu.externaltools.gnu-tools-for-stm32.9-2020-q2-update.win32_2.0.0.202105311346/tools/bin/../lib/gcc/arm-none-eabi/9.3.1/../../../../arm-none-eabi/lib/thumb/v7-m/nofp\libc_nano.a(lib_a-reent.o)
 .ARM.attributes
                0x00000000000007bd       0x2d c:/engineering/st/stm32cubeide/stm32cubeide/plugins/com.st.stm32cube.ide.mcu.externaltools.gnu-tools-for-stm32.9-2020-q2-update.win32_2.0.0.202105311346/tools/bin/../lib/gcc/arm-none-eabi/9.3.1/../../../../arm-none-eabi/lib/thumb/v7-m/nofp\libc_nano.a(lib_a-lock.o)
 .ARM.attributes
                0x00000000000007ea       0x1d c:/engineering/st/stm32cubeide/stm32cubeide/plugins/com.st.stm32cube.ide.mcu.externaltools.gnu-tools-for-stm32.9-2020-q2-update.win32_2.0.0.202105311346/tools/bin/../lib/gcc/arm-none-eabi/9.3.1/thumb/v7-m/nofp\libgcc.a(_arm_addsubdf3.o)
 .ARM.attributes
                0x0000000000000807       0x1d c:/engineering/st/stm32cubeide/stm32cubeide/plugins/com.st.stm32cube.ide.mcu.externaltools.gnu-tools-for-stm32.9-2020-q2-update.win32_2.0.0.202105311346/tools/bin/../lib/gcc/arm-none-eabi/9.3.1/thumb/v7-m/nofp\libgcc.a(_arm_muldivdf3.o)
 .ARM.attributes
                0x0000000000000824       0x1d c:/engineering/st/stm32cubeide/stm32cubeide/plugins/com.st.stm32cube.ide.mcu.externaltools.gnu-tools-for-stm32.9-2020-q2-update.win32_2.0.0.202105311346/tools/bin/../lib/gcc/arm-none-eabi/9.3.1/thumb/v7-m/nofp\libgcc.a(_arm_fixunsdfsi.o)
 .ARM.attributes
                0x0000000000000841       0x1d c:/engineering/st/stm32cubeide/stm32cubeide/plugins/com.st.stm32cube.ide.mcu.externaltools.gnu-tools-for-stm32.9-2020-q2-update.win32_2.0.0.202105311346/tools/bin/../lib/gcc/arm-none-eabi/9.3.1/thumb/v7-m/nofp\libgcc.a(_arm_truncdfsf2.o)
 .ARM.attributes
                0x000000000000085e       0x1d c:/engineering/st/stm32cubeide/stm32cubeide/plugins/com.st.stm32cube.ide.mcu.externaltools.gnu-tools-for-stm32.9-2020-q2-update.win32_2.0.0.202105311346/tools/bin/../lib/gcc/arm-none-eabi/9.3.1/thumb/v7-m/nofp\libgcc.a(_arm_addsubsf3.o)
 .ARM.attributes
                0x000000000000087b       0x1d c:/engineering/st/stm32cubeide/stm32cubeide/plugins/com.st.stm32cube.ide.mcu.externaltools.gnu-tools-for-stm32.9-2020-q2-update.win32_2.0.0.202105311346/tools/bin/../lib/gcc/arm-none-eabi/9.3.1/thumb/v7-m/nofp\libgcc.a(_arm_muldivsf3.o)
 .ARM.attributes
                0x0000000000000898       0x1d c:/engineering/st/stm32cubeide/stm32cubeide/plugins/com.st.stm32cube.ide.mcu.externaltools.gnu-tools-for-stm32.9-2020-q2-update.win32_2.0.0.202105311346/tools/bin/../lib/gcc/arm-none-eabi/9.3.1/thumb/v7-m/nofp\libgcc.a(_arm_cmpsf2.o)
 .ARM.attributes
                0x00000000000008b5       0x1d c:/engineering/st/stm32cubeide/stm32cubeide/plugins/com.st.stm32cube.ide.mcu.externaltools.gnu-tools-for-stm32.9-2020-q2-update.win32_2.0.0.202105311346/tools/bin/../lib/gcc/arm-none-eabi/9.3.1/thumb/v7-m/nofp\libgcc.a(_arm_fixunssfsi.o)
 .ARM.attributes
                0x00000000000008d2       0x1d c:/engineering/st/stm32cubeide/stm32cubeide/plugins/com.st.stm32cube.ide.mcu.externaltools.gnu-tools-for-stm32.9-2020-q2-update.win32_2.0.0.202105311346/tools/bin/../lib/gcc/arm-none-eabi/9.3.1/thumb/v7-m/nofp\libgcc.a(_aeabi_uldivmod.o)
 .ARM.attributes
                0x00000000000008ef       0x2d c:/engineering/st/stm32cubeide/stm32cubeide/plugins/com.st.stm32cube.ide.mcu.externaltools.gnu-tools-for-stm32.9-2020-q2-update.win32_2.0.0.202105311346/tools/bin/../lib/gcc/arm-none-eabi/9.3.1/thumb/v7-m/nofp\libgcc.a(_udivmoddi4.o)
 .ARM.attributes
                0x000000000000091c       0x1d c:/engineering/st/stm32cubeide/stm32cubeide/plugins/com.st.stm32cube.ide.mcu.externaltools.gnu-tools-for-stm32.9-2020-q2-update.win32_2.0.0.202105311346/tools/bin/../lib/gcc/arm-none-eabi/9.3.1/thumb/v7-m/nofp\libgcc.a(_dvmd_tls.o)
 .ARM.attributes
                0x0000000000000939       0x1d c:/engineering/st/stm32cubeide/stm32cubeide/plugins/com.st.stm32cube.ide.mcu.externaltools.gnu-tools-for-stm32.9-2020-q2-update.win32_2.0.0.202105311346/tools/bin/../lib/gcc/arm-none-eabi/9.3.1/thumb/v7-m/nofp/crtn.o
OUTPUT(SMART-MICRO-PUMP.elf elf32-littlearm)
LOAD linker stubs
LOAD c:/engineering/st/stm32cubeide/stm32cubeide/plugins/com.st.stm32cube.ide.mcu.externaltools.gnu-tools-for-stm32.9-2020-q2-update.win32_2.0.0.202105311346/tools/bin/../lib/gcc/arm-none-eabi/9.3.1/../../../../arm-none-eabi/lib/thumb/v7-m/nofp\libc.a
LOAD c:/engineering/st/stm32cubeide/stm32cubeide/plugins/com.st.stm32cube.ide.mcu.externaltools.gnu-tools-for-stm32.9-2020-q2-update.win32_2.0.0.202105311346/tools/bin/../lib/gcc/arm-none-eabi/9.3.1/../../../../arm-none-eabi/lib/thumb/v7-m/nofp\libm.a
LOAD c:/engineering/st/stm32cubeide/stm32cubeide/plugins/com.st.stm32cube.ide.mcu.externaltools.gnu-tools-for-stm32.9-2020-q2-update.win32_2.0.0.202105311346/tools/bin/../lib/gcc/arm-none-eabi/9.3.1/thumb/v7-m/nofp\libgcc.a

.debug_info     0x0000000000000000    0x1246a
 .debug_info    0x0000000000000000      0xa89 ./Core/Src/adc.o
 .debug_info    0x0000000000000a89      0xfcb ./Core/Src/cli.o
 .debug_info    0x0000000000001a54      0x3cb ./Core/Src/dma.o
 .debug_info    0x0000000000001e1f      0xb71 ./Core/Src/global.o
 .debug_info    0x0000000000002990      0xae4 ./Core/Src/gpio.o
 .debug_info    0x0000000000003474      0xeff ./Core/Src/init.o
 .debug_info    0x0000000000004373     0x185a ./Core/Src/main.o
 .debug_info    0x0000000000005bcd      0x14b ./Core/Src/pid.o
 .debug_info    0x0000000000005d18      0x720 ./Core/Src/pwm.o
 .debug_info    0x0000000000006438      0x2b2 ./Core/Src/stm32l1xx_hal_msp.o
 .debug_info    0x00000000000066ea      0xa3f ./Core/Src/stm32l1xx_it.o
 .debug_info    0x0000000000007129      0xa25 ./Core/Src/sysmem.o
 .debug_info    0x0000000000007b4e      0x2f8 ./Core/Src/system_stm32l1xx.o
 .debug_info    0x0000000000007e46      0xdb9 ./Core/Src/tim.o
 .debug_info    0x0000000000008bff     0x144b ./Core/Src/usart.o
 .debug_info    0x000000000000a04a       0x22 ./Core/Startup/startup_stm32l152rbtx.o
 .debug_info    0x000000000000a06c      0x741 ./Drivers/STM32L1xx_HAL_Driver/Src/stm32l1xx_hal.o
 .debug_info    0x000000000000a7ad      0xf7e ./Drivers/STM32L1xx_HAL_Driver/Src/stm32l1xx_hal_adc.o
 .debug_info    0x000000000000b72b      0xdf6 ./Drivers/STM32L1xx_HAL_Driver/Src/stm32l1xx_hal_cortex.o
 .debug_info    0x000000000000c521      0x7fd ./Drivers/STM32L1xx_HAL_Driver/Src/stm32l1xx_hal_dma.o
 .debug_info    0x000000000000cd1e      0x704 ./Drivers/STM32L1xx_HAL_Driver/Src/stm32l1xx_hal_gpio.o
 .debug_info    0x000000000000d422      0x98d ./Drivers/STM32L1xx_HAL_Driver/Src/stm32l1xx_hal_rcc.o
 .debug_info    0x000000000000ddaf     0x28f2 ./Drivers/STM32L1xx_HAL_Driver/Src/stm32l1xx_hal_tim.o
 .debug_info    0x00000000000106a1      0x7c1 ./Drivers/STM32L1xx_HAL_Driver/Src/stm32l1xx_hal_tim_ex.o
 .debug_info    0x0000000000010e62     0x1608 ./Drivers/STM32L1xx_HAL_Driver/Src/stm32l1xx_hal_uart.o

.debug_abbrev   0x0000000000000000     0x2dbc
 .debug_abbrev  0x0000000000000000      0x1ff ./Core/Src/adc.o
 .debug_abbrev  0x00000000000001ff      0x20c ./Core/Src/cli.o
 .debug_abbrev  0x000000000000040b      0x11b ./Core/Src/dma.o
 .debug_abbrev  0x0000000000000526      0x1aa ./Core/Src/global.o
 .debug_abbrev  0x00000000000006d0      0x1c8 ./Core/Src/gpio.o
 .debug_abbrev  0x0000000000000898      0x1ad ./Core/Src/init.o
 .debug_abbrev  0x0000000000000a45      0x252 ./Core/Src/main.o
 .debug_abbrev  0x0000000000000c97       0xb4 ./Core/Src/pid.o
 .debug_abbrev  0x0000000000000d4b      0x17e ./Core/Src/pwm.o
 .debug_abbrev  0x0000000000000ec9      0x101 ./Core/Src/stm32l1xx_hal_msp.o
 .debug_abbrev  0x0000000000000fca      0x1a1 ./Core/Src/stm32l1xx_it.o
 .debug_abbrev  0x000000000000116b      0x1bf ./Core/Src/sysmem.o
 .debug_abbrev  0x000000000000132a      0x129 ./Core/Src/system_stm32l1xx.o
 .debug_abbrev  0x0000000000001453      0x219 ./Core/Src/tim.o
 .debug_abbrev  0x000000000000166c      0x245 ./Core/Src/usart.o
 .debug_abbrev  0x00000000000018b1       0x12 ./Core/Startup/startup_stm32l152rbtx.o
 .debug_abbrev  0x00000000000018c3      0x24b ./Drivers/STM32L1xx_HAL_Driver/Src/stm32l1xx_hal.o
 .debug_abbrev  0x0000000000001b0e      0x26b ./Drivers/STM32L1xx_HAL_Driver/Src/stm32l1xx_hal_adc.o
 .debug_abbrev  0x0000000000001d79      0x33c ./Drivers/STM32L1xx_HAL_Driver/Src/stm32l1xx_hal_cortex.o
 .debug_abbrev  0x00000000000020b5      0x210 ./Drivers/STM32L1xx_HAL_Driver/Src/stm32l1xx_hal_dma.o
 .debug_abbrev  0x00000000000022c5      0x1f1 ./Drivers/STM32L1xx_HAL_Driver/Src/stm32l1xx_hal_gpio.o
 .debug_abbrev  0x00000000000024b6      0x268 ./Drivers/STM32L1xx_HAL_Driver/Src/stm32l1xx_hal_rcc.o
 .debug_abbrev  0x000000000000271e      0x26f ./Drivers/STM32L1xx_HAL_Driver/Src/stm32l1xx_hal_tim.o
 .debug_abbrev  0x000000000000298d      0x193 ./Drivers/STM32L1xx_HAL_Driver/Src/stm32l1xx_hal_tim_ex.o
 .debug_abbrev  0x0000000000002b20      0x29c ./Drivers/STM32L1xx_HAL_Driver/Src/stm32l1xx_hal_uart.o

.debug_aranges  0x0000000000000000      0xd50
 .debug_aranges
                0x0000000000000000       0x38 ./Core/Src/adc.o
 .debug_aranges
                0x0000000000000038       0x20 ./Core/Src/cli.o
 .debug_aranges
                0x0000000000000058       0x20 ./Core/Src/dma.o
 .debug_aranges
                0x0000000000000078       0x18 ./Core/Src/global.o
 .debug_aranges
                0x0000000000000090       0x28 ./Core/Src/gpio.o
 .debug_aranges
                0x00000000000000b8       0x28 ./Core/Src/init.o
 .debug_aranges
                0x00000000000000e0       0x28 ./Core/Src/main.o
 .debug_aranges
                0x0000000000000108       0x28 ./Core/Src/pid.o
 .debug_aranges
                0x0000000000000130       0x20 ./Core/Src/pwm.o
 .debug_aranges
                0x0000000000000150       0x20 ./Core/Src/stm32l1xx_hal_msp.o
 .debug_aranges
                0x0000000000000170       0x88 ./Core/Src/stm32l1xx_it.o
 .debug_aranges
                0x00000000000001f8       0x20 ./Core/Src/sysmem.o
 .debug_aranges
                0x0000000000000218       0x28 ./Core/Src/system_stm32l1xx.o
 .debug_aranges
                0x0000000000000240       0x50 ./Core/Src/tim.o
 .debug_aranges
                0x0000000000000290       0x50 ./Core/Src/usart.o
 .debug_aranges
                0x00000000000002e0       0x28 ./Core/Startup/startup_stm32l152rbtx.o
 .debug_aranges
                0x0000000000000308       0xe0 ./Drivers/STM32L1xx_HAL_Driver/Src/stm32l1xx_hal.o
 .debug_aranges
                0x00000000000003e8       0xf0 ./Drivers/STM32L1xx_HAL_Driver/Src/stm32l1xx_hal_adc.o
 .debug_aranges
                0x00000000000004d8      0x118 ./Drivers/STM32L1xx_HAL_Driver/Src/stm32l1xx_hal_cortex.o
 .debug_aranges
                0x00000000000005f0       0x80 ./Drivers/STM32L1xx_HAL_Driver/Src/stm32l1xx_hal_dma.o
 .debug_aranges
                0x0000000000000670       0x58 ./Drivers/STM32L1xx_HAL_Driver/Src/stm32l1xx_hal_gpio.o
 .debug_aranges
                0x00000000000006c8       0x90 ./Drivers/STM32L1xx_HAL_Driver/Src/stm32l1xx_hal_rcc.o
 .debug_aranges
                0x0000000000000758      0x3d0 ./Drivers/STM32L1xx_HAL_Driver/Src/stm32l1xx_hal_tim.o
 .debug_aranges
                0x0000000000000b28       0x28 ./Drivers/STM32L1xx_HAL_Driver/Src/stm32l1xx_hal_tim_ex.o
 .debug_aranges
                0x0000000000000b50      0x200 ./Drivers/STM32L1xx_HAL_Driver/Src/stm32l1xx_hal_uart.o

.debug_ranges   0x0000000000000000      0xbf0
 .debug_ranges  0x0000000000000000       0x28 ./Core/Src/adc.o
 .debug_ranges  0x0000000000000028       0x10 ./Core/Src/cli.o
 .debug_ranges  0x0000000000000038       0x10 ./Core/Src/dma.o
 .debug_ranges  0x0000000000000048       0x18 ./Core/Src/gpio.o
 .debug_ranges  0x0000000000000060       0x18 ./Core/Src/init.o
 .debug_ranges  0x0000000000000078       0x18 ./Core/Src/main.o
 .debug_ranges  0x0000000000000090       0x18 ./Core/Src/pid.o
 .debug_ranges  0x00000000000000a8       0x10 ./Core/Src/pwm.o
 .debug_ranges  0x00000000000000b8       0x10 ./Core/Src/stm32l1xx_hal_msp.o
 .debug_ranges  0x00000000000000c8       0x78 ./Core/Src/stm32l1xx_it.o
 .debug_ranges  0x0000000000000140       0x10 ./Core/Src/sysmem.o
 .debug_ranges  0x0000000000000150       0x18 ./Core/Src/system_stm32l1xx.o
 .debug_ranges  0x0000000000000168       0x40 ./Core/Src/tim.o
 .debug_ranges  0x00000000000001a8       0x40 ./Core/Src/usart.o
 .debug_ranges  0x00000000000001e8       0x20 ./Core/Startup/startup_stm32l152rbtx.o
 .debug_ranges  0x0000000000000208       0xd0 ./Drivers/STM32L1xx_HAL_Driver/Src/stm32l1xx_hal.o
 .debug_ranges  0x00000000000002d8       0xe0 ./Drivers/STM32L1xx_HAL_Driver/Src/stm32l1xx_hal_adc.o
 .debug_ranges  0x00000000000003b8      0x108 ./Drivers/STM32L1xx_HAL_Driver/Src/stm32l1xx_hal_cortex.o
 .debug_ranges  0x00000000000004c0       0x70 ./Drivers/STM32L1xx_HAL_Driver/Src/stm32l1xx_hal_dma.o
 .debug_ranges  0x0000000000000530       0x48 ./Drivers/STM32L1xx_HAL_Driver/Src/stm32l1xx_hal_gpio.o
 .debug_ranges  0x0000000000000578       0x80 ./Drivers/STM32L1xx_HAL_Driver/Src/stm32l1xx_hal_rcc.o
 .debug_ranges  0x00000000000005f8      0x3c0 ./Drivers/STM32L1xx_HAL_Driver/Src/stm32l1xx_hal_tim.o
 .debug_ranges  0x00000000000009b8       0x18 ./Drivers/STM32L1xx_HAL_Driver/Src/stm32l1xx_hal_tim_ex.o
 .debug_ranges  0x00000000000009d0      0x220 ./Drivers/STM32L1xx_HAL_Driver/Src/stm32l1xx_hal_uart.o

.debug_macro    0x0000000000000000    0x16c56
 .debug_macro   0x0000000000000000      0x1eb ./Core/Src/adc.o
 .debug_macro   0x00000000000001eb      0xa9c ./Core/Src/adc.o
 .debug_macro   0x0000000000000c87      0x115 ./Core/Src/adc.o
 .debug_macro   0x0000000000000d9c       0x2e ./Core/Src/adc.o
 .debug_macro   0x0000000000000dca       0x22 ./Core/Src/adc.o
 .debug_macro   0x0000000000000dec       0x22 ./Core/Src/adc.o
 .debug_macro   0x0000000000000e0e       0x8e ./Core/Src/adc.o
 .debug_macro   0x0000000000000e9c       0x51 ./Core/Src/adc.o
 .debug_macro   0x0000000000000eed      0x103 ./Core/Src/adc.o
 .debug_macro   0x0000000000000ff0       0x6a ./Core/Src/adc.o
 .debug_macro   0x000000000000105a      0x1df ./Core/Src/adc.o
 .debug_macro   0x0000000000001239       0x1c ./Core/Src/adc.o
 .debug_macro   0x0000000000001255       0x22 ./Core/Src/adc.o
 .debug_macro   0x0000000000001277       0xc3 ./Core/Src/adc.o
 .debug_macro   0x000000000000133a      0xe49 ./Core/Src/adc.o
 .debug_macro   0x0000000000002183      0x11f ./Core/Src/adc.o
 .debug_macro   0x00000000000022a2     0x9bee ./Core/Src/adc.o
 .debug_macro   0x000000000000be90       0x6d ./Core/Src/adc.o
 .debug_macro   0x000000000000befd     0x34ca ./Core/Src/adc.o
 .debug_macro   0x000000000000f3c7      0x174 ./Core/Src/adc.o
 .debug_macro   0x000000000000f53b       0x5b ./Core/Src/adc.o
 .debug_macro   0x000000000000f596      0xe38 ./Core/Src/adc.o
 .debug_macro   0x00000000000103ce       0xbd ./Core/Src/adc.o
 .debug_macro   0x000000000001048b      0x1b9 ./Core/Src/adc.o
 .debug_macro   0x0000000000010644       0xad ./Core/Src/adc.o
 .debug_macro   0x00000000000106f1      0x21e ./Core/Src/adc.o
 .debug_macro   0x000000000001090f      0x236 ./Core/Src/adc.o
 .debug_macro   0x0000000000010b45      0x631 ./Core/Src/adc.o
 .debug_macro   0x0000000000011176      0x15e ./Core/Src/adc.o
 .debug_macro   0x00000000000112d4      0x108 ./Core/Src/adc.o
 .debug_macro   0x00000000000113dc      0x281 ./Core/Src/adc.o
 .debug_macro   0x000000000001165d      0x1e9 ./Core/Src/adc.o
 .debug_macro   0x0000000000011846       0x22 ./Core/Src/adc.o
 .debug_macro   0x0000000000011868      0x76c ./Core/Src/adc.o
 .debug_macro   0x0000000000011fd4       0x59 ./Core/Src/adc.o
 .debug_macro   0x000000000001202d      0x295 ./Core/Src/adc.o
 .debug_macro   0x00000000000122c2      0x15c ./Core/Src/adc.o
 .debug_macro   0x000000000001241e      0x3ce ./Core/Src/adc.o
 .debug_macro   0x00000000000127ec       0x5e ./Core/Src/adc.o
 .debug_macro   0x000000000001284a       0x1c ./Core/Src/adc.o
 .debug_macro   0x0000000000012866      0x34d ./Core/Src/cli.o
 .debug_macro   0x0000000000012bb3       0x4c ./Core/Src/cli.o
 .debug_macro   0x0000000000012bff       0x18 ./Core/Src/cli.o
 .debug_macro   0x0000000000012c17       0x94 ./Core/Src/cli.o
 .debug_macro   0x0000000000012cab       0x3c ./Core/Src/cli.o
 .debug_macro   0x0000000000012ce7       0x34 ./Core/Src/cli.o
 .debug_macro   0x0000000000012d1b       0x16 ./Core/Src/cli.o
 .debug_macro   0x0000000000012d31       0x57 ./Core/Src/cli.o
 .debug_macro   0x0000000000012d88       0x97 ./Core/Src/cli.o
 .debug_macro   0x0000000000012e1f      0x339 ./Core/Src/cli.o
 .debug_macro   0x0000000000013158       0xfd ./Core/Src/cli.o
 .debug_macro   0x0000000000013255       0x10 ./Core/Src/cli.o
 .debug_macro   0x0000000000013265       0x16 ./Core/Src/cli.o
 .debug_macro   0x000000000001327b       0x43 ./Core/Src/cli.o
 .debug_macro   0x00000000000132be       0x34 ./Core/Src/cli.o
 .debug_macro   0x00000000000132f2       0x10 ./Core/Src/cli.o
 .debug_macro   0x0000000000013302       0x58 ./Core/Src/cli.o
 .debug_macro   0x000000000001335a       0x71 ./Core/Src/cli.o
 .debug_macro   0x00000000000133cb       0x1c ./Core/Src/cli.o
 .debug_macro   0x00000000000133e7      0x12a ./Core/Src/cli.o
 .debug_macro   0x0000000000013511       0x10 ./Core/Src/cli.o
 .debug_macro   0x0000000000013521       0x1c ./Core/Src/cli.o
 .debug_macro   0x000000000001353d       0x52 ./Core/Src/cli.o
 .debug_macro   0x000000000001358f       0x22 ./Core/Src/cli.o
 .debug_macro   0x00000000000135b1       0x10 ./Core/Src/cli.o
 .debug_macro   0x00000000000135c1       0x40 ./Core/Src/cli.o
 .debug_macro   0x0000000000013601       0xd5 ./Core/Src/cli.o
 .debug_macro   0x00000000000136d6       0x1c ./Core/Src/cli.o
 .debug_macro   0x00000000000136f2       0x3d ./Core/Src/cli.o
 .debug_macro   0x000000000001372f       0x16 ./Core/Src/cli.o
 .debug_macro   0x0000000000013745      0x145 ./Core/Src/cli.o
 .debug_macro   0x000000000001388a       0xbd ./Core/Src/cli.o
 .debug_macro   0x0000000000013947       0x55 ./Core/Src/cli.o
 .debug_macro   0x000000000001399c       0x10 ./Core/Src/cli.o
 .debug_macro   0x00000000000139ac       0x10 ./Core/Src/cli.o
 .debug_macro   0x00000000000139bc      0x1dc ./Core/Src/dma.o
 .debug_macro   0x0000000000013b98      0x399 ./Core/Src/global.o
 .debug_macro   0x0000000000013f31       0x16 ./Core/Src/global.o
 .debug_macro   0x0000000000013f47       0x35 ./Core/Src/global.o
 .debug_macro   0x0000000000013f7c       0x16 ./Core/Src/global.o
 .debug_macro   0x0000000000013f92       0x29 ./Core/Src/global.o
 .debug_macro   0x0000000000013fbb       0x16 ./Core/Src/global.o
 .debug_macro   0x0000000000013fd1       0x20 ./Core/Src/global.o
 .debug_macro   0x0000000000013ff1      0x1e5 ./Core/Src/gpio.o
 .debug_macro   0x00000000000141d6       0x10 ./Core/Src/gpio.o
 .debug_macro   0x00000000000141e6      0x243 ./Core/Src/init.o
 .debug_macro   0x0000000000014429       0x1c ./Core/Src/init.o
 .debug_macro   0x0000000000014445       0x10 ./Core/Src/init.o
 .debug_macro   0x0000000000014455       0x16 ./Core/Src/init.o
 .debug_macro   0x000000000001446b       0x10 ./Core/Src/init.o
 .debug_macro   0x000000000001447b      0x412 ./Core/Src/main.o
 .debug_macro   0x000000000001488d       0x52 ./Core/Src/main.o
 .debug_macro   0x00000000000148df      0x333 ./Core/Src/main.o
 .debug_macro   0x0000000000014c12       0x1a ./Core/Src/pid.o
 .debug_macro   0x0000000000014c2c      0x1e2 ./Core/Src/pwm.o
 .debug_macro   0x0000000000014e0e      0x1d2 ./Core/Src/stm32l1xx_hal_msp.o
 .debug_macro   0x0000000000014fe0      0x1dc ./Core/Src/stm32l1xx_it.o
 .debug_macro   0x00000000000151bc       0xff ./Core/Src/sysmem.o
 .debug_macro   0x00000000000152bb      0x23b ./Core/Src/sysmem.o
 .debug_macro   0x00000000000154f6      0x1c3 ./Core/Src/system_stm32l1xx.o
 .debug_macro   0x00000000000156b9      0x1ec ./Core/Src/tim.o
 .debug_macro   0x00000000000158a5      0x37a ./Core/Src/usart.o
 .debug_macro   0x0000000000015c1f      0x1e7 ./Drivers/STM32L1xx_HAL_Driver/Src/stm32l1xx_hal.o
 .debug_macro   0x0000000000015e06      0x1e0 ./Drivers/STM32L1xx_HAL_Driver/Src/stm32l1xx_hal_adc.o
 .debug_macro   0x0000000000015fe6      0x1c3 ./Drivers/STM32L1xx_HAL_Driver/Src/stm32l1xx_hal_cortex.o
 .debug_macro   0x00000000000161a9      0x1c3 ./Drivers/STM32L1xx_HAL_Driver/Src/stm32l1xx_hal_dma.o
 .debug_macro   0x000000000001636c      0x1ca ./Drivers/STM32L1xx_HAL_Driver/Src/stm32l1xx_hal_gpio.o
 .debug_macro   0x0000000000016536      0x1d5 ./Drivers/STM32L1xx_HAL_Driver/Src/stm32l1xx_hal_rcc.o
 .debug_macro   0x000000000001670b      0x1c4 ./Drivers/STM32L1xx_HAL_Driver/Src/stm32l1xx_hal_tim.o
 .debug_macro   0x00000000000168cf      0x1c3 ./Drivers/STM32L1xx_HAL_Driver/Src/stm32l1xx_hal_tim_ex.o
 .debug_macro   0x0000000000016a92      0x1c4 ./Drivers/STM32L1xx_HAL_Driver/Src/stm32l1xx_hal_uart.o

.debug_line     0x0000000000000000    0x10e4b
 .debug_line    0x0000000000000000      0x7ff ./Core/Src/adc.o
 .debug_line    0x00000000000007ff      0x94b ./Core/Src/cli.o
 .debug_line    0x000000000000114a      0x6f1 ./Core/Src/dma.o
 .debug_line    0x000000000000183b      0x91b ./Core/Src/global.o
 .debug_line    0x0000000000002156      0x742 ./Core/Src/gpio.o
 .debug_line    0x0000000000002898      0x7ae ./Core/Src/init.o
 .debug_line    0x0000000000003046      0xb18 ./Core/Src/main.o
 .debug_line    0x0000000000003b5e      0x133 ./Core/Src/pid.o
 .debug_line    0x0000000000003c91      0x6ef ./Core/Src/pwm.o
 .debug_line    0x0000000000004380      0x6f6 ./Core/Src/stm32l1xx_hal_msp.o
 .debug_line    0x0000000000004a76      0x830 ./Core/Src/stm32l1xx_it.o
 .debug_line    0x00000000000052a6      0x516 ./Core/Src/sysmem.o
 .debug_line    0x00000000000057bc      0x794 ./Core/Src/system_stm32l1xx.o
 .debug_line    0x0000000000005f50      0x8e8 ./Core/Src/tim.o
 .debug_line    0x0000000000006838      0xa26 ./Core/Src/usart.o
 .debug_line    0x000000000000725e       0x87 ./Core/Startup/startup_stm32l152rbtx.o
 .debug_line    0x00000000000072e5      0x9b9 ./Drivers/STM32L1xx_HAL_Driver/Src/stm32l1xx_hal.o
 .debug_line    0x0000000000007c9e      0xfa2 ./Drivers/STM32L1xx_HAL_Driver/Src/stm32l1xx_hal_adc.o
 .debug_line    0x0000000000008c40      0xc86 ./Drivers/STM32L1xx_HAL_Driver/Src/stm32l1xx_hal_cortex.o
 .debug_line    0x00000000000098c6      0xc03 ./Drivers/STM32L1xx_HAL_Driver/Src/stm32l1xx_hal_dma.o
 .debug_line    0x000000000000a4c9      0xa0b ./Drivers/STM32L1xx_HAL_Driver/Src/stm32l1xx_hal_gpio.o
 .debug_line    0x000000000000aed4      0xec0 ./Drivers/STM32L1xx_HAL_Driver/Src/stm32l1xx_hal_rcc.o
 .debug_line    0x000000000000bd94     0x2e5a ./Drivers/STM32L1xx_HAL_Driver/Src/stm32l1xx_hal_tim.o
 .debug_line    0x000000000000ebee      0x7c8 ./Drivers/STM32L1xx_HAL_Driver/Src/stm32l1xx_hal_tim_ex.o
 .debug_line    0x000000000000f3b6     0x1a95 ./Drivers/STM32L1xx_HAL_Driver/Src/stm32l1xx_hal_uart.o

.debug_str      0x0000000000000000    0x84687
 .debug_str     0x0000000000000000    0x7cbfc ./Core/Src/adc.o
                                      0x7cf10 (size before relaxing)
 .debug_str     0x000000000007cbfc     0x42d8 ./Core/Src/cli.o
                                      0x80e99 (size before relaxing)
 .debug_str     0x0000000000080ed4      0x2e4 ./Core/Src/dma.o
                                      0x7cbb1 (size before relaxing)
 .debug_str     0x00000000000811b8      0x17a ./Core/Src/global.o
                                      0x80b85 (size before relaxing)
 .debug_str     0x0000000000081332      0x30c ./Core/Src/gpio.o
                                      0x7d148 (size before relaxing)
 .debug_str     0x000000000008163e      0x20c ./Core/Src/init.o
                                      0x7d544 (size before relaxing)
 .debug_str     0x000000000008184a      0x118 ./Core/Src/main.o
                                      0x81737 (size before relaxing)
 .debug_str     0x0000000000081962       0x26 ./Core/Src/pid.o
                                       0x2e2c (size before relaxing)
 .debug_str     0x0000000000081988       0x29 ./Core/Src/pwm.o
                                      0x7cd6f (size before relaxing)
 .debug_str     0x00000000000819b1       0x2c ./Core/Src/stm32l1xx_hal_msp.o
                                      0x7c8ee (size before relaxing)
 .debug_str     0x00000000000819dd      0x119 ./Core/Src/stm32l1xx_it.o
                                      0x7d019 (size before relaxing)
 .debug_str     0x0000000000081af6      0x4e9 ./Core/Src/sysmem.o
                                       0x624e (size before relaxing)
 .debug_str     0x0000000000081fdf       0x61 ./Core/Src/system_stm32l1xx.o
                                      0x7c786 (size before relaxing)
 .debug_str     0x0000000000082040      0x17d ./Core/Src/tim.o
                                      0x7d398 (size before relaxing)
 .debug_str     0x00000000000821bd       0x9a ./Core/Src/usart.o